Component: ARM Compiler 6.12 Tool: armlink [5d624300]

==============================================================================

Section Cross References

    startup_stm32g030xx.o(RESET) refers to startup_stm32g030xx.o(STACK) for __initial_sp
    startup_stm32g030xx.o(RESET) refers to startup_stm32g030xx.o(.text) for Reset_Handler
    startup_stm32g030xx.o(RESET) refers to stm32g0xx_it.o(.text.NMI_Handler) for NMI_Handler
    startup_stm32g030xx.o(RESET) refers to stm32g0xx_it.o(.text.HardFault_Handler) for HardFault_Handler
    startup_stm32g030xx.o(RESET) refers to stm32g0xx_it.o(.text.SVC_Handler) for SVC_Handler
    startup_stm32g030xx.o(RESET) refers to stm32g0xx_it.o(.text.PendSV_Handler) for PendSV_Handler
    startup_stm32g030xx.o(RESET) refers to eventrecorder.o(.text.SysTick_Handler) for SysTick_Handler
    startup_stm32g030xx.o(RESET) refers to stm32g0xx_it.o(.text.TIM3_IRQHandler) for TIM3_IRQHandler
    startup_stm32g030xx.o(.text) refers to system_stm32g0xx.o(.text.SystemInit) for SystemInit
    startup_stm32g030xx.o(.text) refers to entry.o(.ARM.Collect$$$$00000000) for __main
    main.o(.text.main) refers to eventrecorder.o(.text.EventRecorderInitialize) for EventRecorderInitialize
    main.o(.text.main) refers to eventrecorder.o(.text.EventRecorderStart) for EventRecorderStart
    main.o(.text.main) refers to printf1.o(i.__0printf$1) for __2printf
    main.o(.text.main) refers to main.o(.text.SystemClock_Config) for SystemClock_Config
    main.o(.text.main) refers to gpio.o(.text.MX_GPIO_Init) for MX_GPIO_Init
    main.o(.text.main) refers to tim.o(.text.MX_TIM3_Init) for MX_TIM3_Init
    main.o(.text.main) refers to tim.o(.text.MX_TIM16_Init) for MX_TIM16_Init
    main.o(.text.main) refers to system_stm32g0xx.o(.data.SystemCoreClock) for SystemCoreClock
    main.o(.ARM.exidx.text.main) refers to main.o(.text.main) for [Anonymous Symbol]
    main.o(.text.SystemClock_Config) refers to stm32g0xx_ll_utils.o(.text.LL_Init1msTick) for LL_Init1msTick
    main.o(.text.SystemClock_Config) refers to stm32g0xx_ll_utils.o(.text.LL_SetSystemCoreClock) for LL_SetSystemCoreClock
    main.o(.ARM.exidx.text.SystemClock_Config) refers to main.o(.text.SystemClock_Config) for [Anonymous Symbol]
    main.o(.ARM.exidx.text.Error_Handler) refers to main.o(.text.Error_Handler) for [Anonymous Symbol]
    gpio.o(.text.MX_GPIO_Init) refers to stm32g0xx_ll_gpio.o(.text.LL_GPIO_Init) for LL_GPIO_Init
    gpio.o(.ARM.exidx.text.MX_GPIO_Init) refers to gpio.o(.text.MX_GPIO_Init) for [Anonymous Symbol]
    tim.o(.text.MX_TIM3_Init) refers to stm32g0xx_ll_gpio.o(.text.LL_GPIO_Init) for LL_GPIO_Init
    tim.o(.text.MX_TIM3_Init) refers to stm32g0xx_ll_tim.o(.text.LL_TIM_Init) for LL_TIM_Init
    tim.o(.ARM.exidx.text.MX_TIM3_Init) refers to tim.o(.text.MX_TIM3_Init) for [Anonymous Symbol]
    tim.o(.text.MX_TIM16_Init) refers to stm32g0xx_ll_tim.o(.text.LL_TIM_Init) for LL_TIM_Init
    tim.o(.ARM.exidx.text.MX_TIM16_Init) refers to tim.o(.text.MX_TIM16_Init) for [Anonymous Symbol]
    stm32g0xx_it.o(.ARM.exidx.text.NMI_Handler) refers to stm32g0xx_it.o(.text.NMI_Handler) for [Anonymous Symbol]
    stm32g0xx_it.o(.ARM.exidx.text.HardFault_Handler) refers to stm32g0xx_it.o(.text.HardFault_Handler) for [Anonymous Symbol]
    stm32g0xx_it.o(.ARM.exidx.text.SVC_Handler) refers to stm32g0xx_it.o(.text.SVC_Handler) for [Anonymous Symbol]
    stm32g0xx_it.o(.ARM.exidx.text.PendSV_Handler) refers to stm32g0xx_it.o(.text.PendSV_Handler) for [Anonymous Symbol]
    stm32g0xx_it.o(.text.TIM3_IRQHandler) refers to ffltui.o(.text) for __aeabi_ui2f
    stm32g0xx_it.o(.text.TIM3_IRQHandler) refers to fdiv.o(.text) for __aeabi_fdiv
    stm32g0xx_it.o(.text.TIM3_IRQHandler) refers to main.o(.bss.PWM1_T_Count) for PWM1_T_Count
    stm32g0xx_it.o(.text.TIM3_IRQHandler) refers to main.o(.bss.PWM1_D_Count) for PWM1_D_Count
    stm32g0xx_it.o(.text.TIM3_IRQHandler) refers to main.o(.bss.PWM1_Duty) for PWM1_Duty
    stm32g0xx_it.o(.text.TIM3_IRQHandler) refers to main.o(.bss.PWM1_Freq) for PWM1_Freq
    stm32g0xx_it.o(.ARM.exidx.text.TIM3_IRQHandler) refers to stm32g0xx_it.o(.text.TIM3_IRQHandler) for [Anonymous Symbol]
    stm32g0xx_ll_utils.o(.text.LL_Init1msTick) refers to uidiv.o(.text) for __aeabi_uidiv
    stm32g0xx_ll_utils.o(.ARM.exidx.text.LL_Init1msTick) refers to stm32g0xx_ll_utils.o(.text.LL_Init1msTick) for [Anonymous Symbol]
    stm32g0xx_ll_utils.o(.ARM.exidx.text.LL_mDelay) refers to stm32g0xx_ll_utils.o(.text.LL_mDelay) for [Anonymous Symbol]
    stm32g0xx_ll_utils.o(.text.LL_SetSystemCoreClock) refers to system_stm32g0xx.o(.data.SystemCoreClock) for SystemCoreClock
    stm32g0xx_ll_utils.o(.ARM.exidx.text.LL_SetSystemCoreClock) refers to stm32g0xx_ll_utils.o(.text.LL_SetSystemCoreClock) for [Anonymous Symbol]
    stm32g0xx_ll_utils.o(.text.LL_PLL_ConfigSystemClock_HSI) refers to uidiv.o(.text) for __aeabi_uidiv
[...]
    stm32g0xx_ll_utils.o(.text.UTILS_EnablePLLAndSwitchSystem) refers to system_stm32g0xx.o(.data.SystemCoreClock) for SystemCoreClock
    stm32g0xx_ll_utils.o(.ARM.exidx.text.UTILS_EnablePLLAndSwitchSystem) refers to stm32g0xx_ll_utils.o(.text.UTILS_EnablePLLAndSwitchSystem) for [Anonymous Symbol]
    stm32g0xx_ll_utils.o(.text.LL_PLL_ConfigSystemClock_HSE) refers to uidiv.o(.text) for __aeabi_uidiv
    stm32g0xx_ll_utils.o(.text.LL_PLL_ConfigSystemClock_HSE) refers to stm32g0xx_ll_utils.o(.text.UTILS_EnablePLLAndSwitchSystem) for UTILS_EnablePLLAndSwitchSystem
    stm32g0xx_ll_utils.o(.ARM.exidx.text.LL_PLL_ConfigSystemClock_HSE) refers to stm32g0xx_ll_utils.o(.text.LL_PLL_ConfigSystemClock_HSE) for [Anonymous Symbol]
    stm32g0xx_ll_utils.o(.ARM.exidx.text.LL_SetFlashLatency) refers to stm32g0xx_ll_utils.o(.text.LL_SetFlashLatency) for [Anonymous Symbol]
    stm32g0xx_ll_exti.o(.ARM.exidx.text.LL_EXTI_DeInit) refers to stm32g0xx_ll_exti.o(.text.LL_EXTI_DeInit) for [Anonymous Symbol]
    stm32g0xx_ll_exti.o(.ARM.exidx.text.LL_EXTI_Init) refers to stm32g0xx_ll_exti.o(.text.LL_EXTI_Init) for [Anonymous Symbol]
    stm32g0xx_ll_exti.o(.ARM.exidx.text.LL_EXTI_StructInit) refers to stm32g0xx_ll_exti.o(.text.LL_EXTI_StructInit) for [Anonymous Symbol]
    stm32g0xx_ll_gpio.o(.ARM.exidx.text.LL_GPIO_DeInit) refers to stm32g0xx_ll_gpio.o(.text.LL_GPIO_DeInit) for [Anonymous Symbol]
    stm32g0xx_ll_gpio.o(.ARM.exidx.text.LL_GPIO_Init) refers to stm32g0xx_ll_gpio.o(.text.LL_GPIO_Init) for [Anonymous Symbol]
    stm32g0xx_ll_gpio.o(.ARM.exidx.text.LL_GPIO_StructInit) refers to stm32g0xx_ll_gpio.o(.text.LL_GPIO_StructInit) for [Anonymous Symbol]
    stm32g0xx_ll_pwr.o(.ARM.exidx.text.LL_PWR_DeInit) refers to stm32g0xx_ll_pwr.o(.text.LL_PWR_DeInit) for [Anonymous Symbol]
    stm32g0xx_ll_tim.o(.ARM.exidx.text.LL_TIM_DeInit) refers to stm32g0xx_ll_tim.o(.text.LL_TIM_DeInit) for [Anonymous Symbol]
    stm32g0xx_ll_tim.o(.ARM.exidx.text.LL_TIM_StructInit) refers to stm32g0xx_ll_tim.o(.text.LL_TIM_StructInit) for [Anonymous Symbol]
    stm32g0xx_ll_tim.o(.ARM.exidx.text.LL_TIM_Init) refers to stm32g0xx_ll_tim.o(.text.LL_TIM_Init) for [Anonymous Symbol]
    stm32g0xx_ll_tim.o(.ARM.exidx.text.LL_TIM_OC_StructInit) refers to stm32g0xx_ll_tim.o(.text.LL_TIM_OC_StructInit) for [Anonymous Symbol]
    stm32g0xx_ll_tim.o(.ARM.exidx.text.LL_TIM_OC_Init) refers to stm32g0xx_ll_tim.o(.text.LL_TIM_OC_Init) for [Anonymous Symbol]
    stm32g0xx_ll_tim.o(.ARM.exidx.text.LL_TIM_IC_StructInit) refers to stm32g0xx_ll_tim.o(.text.LL_TIM_IC_StructInit) for [Anonymous Symbol]
    stm32g0xx_ll_tim.o(.ARM.exidx.text.LL_TIM_IC_Init) refers to stm32g0xx_ll_tim.o(.text.LL_TIM_IC_Init) for [Anonymous Symbol]
    stm32g0xx_ll_tim.o(.ARM.exidx.text.LL_TIM_ENCODER_StructInit) refers to stm32g0xx_ll_tim.o(.text.LL_TIM_ENCODER_StructInit) for [Anonymous Symbol]
    stm32g0xx_ll_tim.o(.ARM.exidx.text.LL_TIM_ENCODER_Init) refers to stm32g0xx_ll_tim.o(.text.LL_TIM_ENCODER_Init) for [Anonymous Symbol]
    stm32g0xx_ll_tim.o(.ARM.exidx.text.LL_TIM_HALLSENSOR_StructInit) refers to stm32g0xx_ll_tim.o(.text.LL_TIM_HALLSENSOR_StructInit) for [Anonymous Symbol]
    stm32g0xx_ll_tim.o(.ARM.exidx.text.LL_TIM_HALLSENSOR_Init) refers to stm32g0xx_ll_tim.o(.text.LL_TIM_HALLSENSOR_Init) for [Anonymous Symbol]
    stm32g0xx_ll_tim.o(.text.LL_TIM_BDTR_StructInit) refers to memseta.o(.text) for __aeabi_memclr
    stm32g0xx_ll_tim.o(.ARM.exidx.text.LL_TIM_BDTR_StructInit) refers to stm32g0xx_ll_tim.o(.text.LL_TIM_BDTR_StructInit) for [Anonymous Symbol]
    stm32g0xx_ll_tim.o(.ARM.exidx.text.LL_TIM_BDTR_Init) refers to stm32g0xx_ll_tim.o(.text.LL_TIM_BDTR_Init) for [Anonymous Symbol]
    stm32g0xx_ll_dma.o(.ARM.exidx.text.LL_DMA_DeInit) refers to stm32g0xx_ll_dma.o(.text.LL_DMA_DeInit) for [Anonymous Symbol]
    stm32g0xx_ll_dma.o(.ARM.exidx.text.LL_DMA_Init) refers to stm32g0xx_ll_dma.o(.text.LL_DMA_Init) for [Anonymous Symbol]
    stm32g0xx_ll_dma.o(.text.LL_DMA_StructInit) refers to memseta.o(.text) for __aeabi_memclr4
    stm32g0xx_ll_dma.o(.ARM.exidx.text.LL_DMA_StructInit) refers to stm32g0xx_ll_dma.o(.text.LL_DMA_StructInit) for [Anonymous Symbol]
    stm32g0xx_ll_rcc.o(.ARM.exidx.text.LL_RCC_DeInit) refers to stm32g0xx_ll_rcc.o(.text.LL_RCC_DeInit) for [Anonymous Symbol]
    stm32g0xx_ll_rcc.o(.text.LL_RCC_GetSystemClocksFreq) refers to uidiv.o(.text) for __aeabi_uidiv
    stm32g0xx_ll_rcc.o(.text.LL_RCC_GetSystemClocksFreq) refers to system_stm32g0xx.o(.rodata.AHBPrescTable) for AHBPrescTable
    stm32g0xx_ll_rcc.o(.text.LL_RCC_GetSystemClocksFreq) refers to system_stm32g0xx.o(.rodata.APBPrescTable) for APBPrescTable
    stm32g0xx_ll_rcc.o(.ARM.exidx.text.LL_RCC_GetSystemClocksFreq) refers to stm32g0xx_ll_rcc.o(.text.LL_RCC_GetSystemClocksFreq) for [Anonymous Symbol]
    stm32g0xx_ll_rcc.o(.text.LL_RCC_GetUSARTClockFreq) refers to uidiv.o(.text) for __aeabi_uidiv
    stm32g0xx_ll_rcc.o(.text.LL_RCC_GetUSARTClockFreq) refers to system_stm32g0xx.o(.rodata.APBPrescTable) for APBPrescTable
    stm32g0xx_ll_rcc.o(.text.LL_RCC_GetUSARTClockFreq) refers to system_stm32g0xx.o(.rodata.AHBPrescTable) for AHBPrescTable
    stm32g0xx_ll_rcc.o(.ARM.exidx.text.LL_RCC_GetUSARTClockFreq) refers to stm32g0xx_ll_rcc.o(.text.LL_RCC_GetUSARTClockFreq) for [Anonymous Symbol]
    stm32g0xx_ll_rcc.o(.text.LL_RCC_GetI2CClockFreq) refers to uidiv.o(.text) for __aeabi_uidiv
    stm32g0xx_ll_rcc.o(.text.LL_RCC_GetI2CClockFreq) refers to system_stm32g0xx.o(.rodata.APBPrescTable) for APBPrescTable
    stm32g0xx_ll_rcc.o(.text.LL_RCC_GetI2CClockFreq) refers to system_stm32g0xx.o(.rodata.AHBPrescTable) for AHBPrescTable
    stm32g0xx_ll_rcc.o(.ARM.exidx.text.LL_RCC_GetI2CClockFreq) refers to stm32g0xx_ll_rcc.o(.text.LL_RCC_GetI2CClockFreq) for [Anonymous Symbol]
    stm32g0xx_ll_rcc.o(.text.LL_RCC_GetI2SClockFreq) refers to uidiv.o(.text) for __aeabi_uidiv
    stm32g0xx_ll_rcc.o(.ARM.exidx.text.LL_RCC_GetI2SClockFreq) refers to stm32g0xx_ll_rcc.o(.text.LL_RCC_GetI2SClockFreq) for [Anonymous Symbol]
    stm32g0xx_ll_rcc.o(.text.LL_RCC_GetADCClockFreq) refers to uidiv.o(.text) for __aeabi_uidiv
    stm32g0xx_ll_rcc.o(.ARM.exidx.text.LL_RCC_GetADCClockFreq) refers to stm32g0xx_ll_rcc.o(.text.LL_RCC_GetADCClockFreq) for [Anonymous Symbol]
    stm32g0xx_ll_rcc.o(.ARM.exidx.text.LL_RCC_GetRTCClockFreq) refers to stm32g0xx_ll_rcc.o(.text.LL_RCC_GetRTCClockFreq) for [Anonymous Symbol]
    system_stm32g0xx.o(.ARM.exidx.text.SystemInit) refers to system_stm32g0xx.o(.text.SystemInit) for [Anonymous Symbol]
    system_stm32g0xx.o(.text.SystemCoreClockUpdate) refers to uidiv.o(.text) for __aeabi_uidiv
    system_stm32g0xx.o(.text.SystemCoreClockUpdate) refers to system_stm32g0xx.o(.data.SystemCoreClock) for SystemCoreClock
    system_stm32g0xx.o(.text.SystemCoreClockUpdate) refers to system_stm32g0xx.o(.rodata.AHBPrescTable) for AHBPrescTable
    system_stm32g0xx.o(.ARM.exidx.text.SystemCoreClockUpdate) refers to system_stm32g0xx.o(.text.SystemCoreClockUpdate) for [Anonymous Symbol]
    eventrecorder.o(.text.SysTick_Handler) refers to eventrecorder.o(.bss.SysTickCount) for [Anonymous Symbol]
    eventrecorder.o(.text.SysTick_Handler) refers to eventrecorder.o(.bss.SysTickUpdated) for [Anonymous Symbol]
    eventrecorder.o(.ARM.exidx.text.SysTick_Handler) refers to eventrecorder.o(.text.SysTick_Handler) for [Anonymous Symbol]
    eventrecorder.o(.text.EventRecorderTimerSetup) refers to eventrecorder.o(.bss.SysTickCount) for [Anonymous Symbol]
    eventrecorder.o(.ARM.exidx.text.EventRecorderTimerSetup) refers to eventrecorder.o(.text.EventRecorderTimerSetup) for [Anonymous Symbol]
    eventrecorder.o(.text.EventRecorderTimerGetFreq) refers to system_stm32g0xx.o(.data.SystemCoreClock) for SystemCoreClock
    eventrecorder.o(.ARM.exidx.text.EventRecorderTimerGetFreq) refers to eventrecorder.o(.text.EventRecorderTimerGetFreq) for [Anonymous Symbol]
    eventrecorder.o(.text.EventRecorderTimerGetCount) refers to eventrecorder.o(.bss.SysTickUpdated) for [Anonymous Symbol]
    eventrecorder.o(.text.EventRecorderTimerGetCount) refers to eventrecorder.o(.bss.SysTickCount) for [Anonymous Symbol]
    eventrecorder.o(.ARM.exidx.text.EventRecorderTimerGetCount) refers to eventrecorder.o(.text.EventRecorderTimerGetCount) for [Anonymous Symbol]
    eventrecorder.o(.text.EventRecorderInitialize) refers to memseta.o(.text) for __aeabi_memclr4
    eventrecorder.o(.text.EventRecorderInitialize) refers to eventrecorder.o(.text.EventRecorderTimerSetup) for EventRecorderTimerSetup
    eventrecorder.o(.text.EventRecorderInitialize) refers to eventrecorder.o(.text.EventRecorderTimerGetFreq) for EventRecorderTimerGetFreq
    eventrecorder.o(.text.EventRecorderInitialize) refers to eventrecorder.o(.text.EventRecorderEnable) for EventRecorderEnable
    eventrecorder.o(.text.EventRecorderInitialize) refers to eventrecorder.o(.text.EventRecorderTimerGetCount) for EventRecorderTimerGetCount
    eventrecorder.o(.text.EventRecorderInitialize) refers to eventrecorder.o(.text.EventRecordItem) for EventRecordItem
    eventrecorder.o(.text.EventRecorderInitialize) refers to eventrecorder.o(.bss.noinit) for [Anonymous Symbol]
    eventrecorder.o(.text.EventRecorderInitialize) refers to eventrecorder.o(.rodata.EventRecorderInfo) for EventRecorderInfo
    eventrecorder.o(.text.EventRecorderInitialize) refers to eventrecorder.o(.bss.TS_OverflowLock) for [Anonymous Symbol]
    eventrecorder.o(.ARM.exidx.text.EventRecorderInitialize) refers to eventrecorder.o(.text.EventRecorderInitialize) for [Anonymous Symbol]
    eventrecorder.o(.text.EventRecorderEnable) refers to eventrecorder.o(.bss.noinit) for [Anonymous Symbol]
    eventrecorder.o(.ARM.exidx.text.EventRecorderEnable) refers to eventrecorder.o(.text.EventRecorderEnable) for [Anonymous Symbol]
    eventrecorder.o(.text.EventRecordItem) refers to eventrecorder.o(.bss.noinit) for [Anonymous Symbol]
    eventrecorder.o(.ARM.exidx.text.EventRecordItem) refers to eventrecorder.o(.text.EventRecordItem) for [Anonymous Symbol]
    eventrecorder.o(.text.EventRecorderStart) refers to eventrecorder.o(.text.EventRecorderTimerGetCount) for EventRecorderTimerGetCount
    eventrecorder.o(.text.EventRecorderStart) refers to eventrecorder.o(.text.EventRecordItem) for EventRecordItem
    eventrecorder.o(.text.EventRecorderStart) refers to eventrecorder.o(.bss.noinit) for [Anonymous Symbol]
    eventrecorder.o(.text.EventRecorderStart) refers to eventrecorder.o(.bss.TS_OverflowLock) for [Anonymous Symbol]
    eventrecorder.o(.ARM.exidx.text.EventRecorderStart) refers to eventrecorder.o(.text.EventRecorderStart) for [Anonymous Symbol]
    eventrecorder.o(.text.EventRecorderDisable) refers to eventrecorder.o(.bss.noinit) for [Anonymous Symbol]
    eventrecorder.o(.ARM.exidx.text.EventRecorderDisable) refers to eventrecorder.o(.text.EventRecorderDisable) for [Anonymous Symbol]
    eventrecorder.o(.text.EventRecorderStop) refers to eventrecorder.o(.text.EventRecorderTimerGetCount) for EventRecorderTimerGetCount
    eventrecorder.o(.text.EventRecorderStop) refers to eventrecorder.o(.text.EventRecordItem) for EventRecordItem
    eventrecorder.o(.text.EventRecorderStop) refers to eventrecorder.o(.bss.noinit) for [Anonymous Symbol]
    eventrecorder.o(.text.EventRecorderStop) refers to eventrecorder.o(.bss.TS_OverflowLock) for [Anonymous Symbol]
    eventrecorder.o(.ARM.exidx.text.EventRecorderStop) refers to eventrecorder.o(.text.EventRecorderStop) for [Anonymous Symbol]
    eventrecorder.o(.text.EventRecorderClockUpdate) refers to eventrecorder.o(.text.EventRecorderTimerGetFreq) for EventRecorderTimerGetFreq
    eventrecorder.o(.text.EventRecorderClockUpdate) refers to eventrecorder.o(.text.EventRecorderTimerGetCount) for EventRecorderTimerGetCount
    eventrecorder.o(.text.EventRecorderClockUpdate) refers to eventrecorder.o(.text.EventRecordItem) for EventRecordItem
    eventrecorder.o(.text.EventRecorderClockUpdate) refers to eventrecorder.o(.bss.noinit) for [Anonymous Symbol]
    eventrecorder.o(.text.EventRecorderClockUpdate) refers to eventrecorder.o(.bss.TS_OverflowLock) for [Anonymous Symbol]
    eventrecorder.o(.ARM.exidx.text.EventRecorderClockUpdate) refers to eventrecorder.o(.text.EventRecorderClockUpdate) for [Anonymous Symbol]
    eventrecorder.o(.text.EventRecordData) refers to eventrecorder.o(.text.EventRecorderTimerGetCount) for EventRecorderTimerGetCount
    eventrecorder.o(.text.EventRecordData) refers to memcpya.o(.text) for __aeabi_memcpy
    eventrecorder.o(.text.EventRecordData) refers to eventrecorder.o(.text.EventRecordItem) for EventRecordItem
    eventrecorder.o(.text.EventRecordData) refers to eventrecorder.o(.bss.noinit) for [Anonymous Symbol]
    eventrecorder.o(.text.EventRecordData) refers to eventrecorder.o(.bss.TS_OverflowLock) for [Anonymous Symbol]
    eventrecorder.o(.ARM.exidx.text.EventRecordData) refers to eventrecorder.o(.text.EventRecordData) for [Anonymous Symbol]
    eventrecorder.o(.text.EventRecord2) refers to eventrecorder.o(.text.EventRecorderTimerGetCount) for EventRecorderTimerGetCount
    eventrecorder.o(.text.EventRecord2) refers to eventrecorder.o(.text.EventRecordItem) for EventRecordItem
    eventrecorder.o(.text.EventRecord2) refers to eventrecorder.o(.bss.noinit) for [Anonymous Symbol]
    eventrecorder.o(.text.EventRecord2) refers to eventrecorder.o(.bss.TS_OverflowLock) for [Anonymous Symbol]
    eventrecorder.o(.ARM.exidx.text.EventRecord2) refers to eventrecorder.o(.text.EventRecord2) for [Anonymous Symbol]
    eventrecorder.o(.text.EventRecord4) refers to eventrecorder.o(.text.EventRecorderTimerGetCount) for EventRecorderTimerGetCount
    eventrecorder.o(.text.EventRecord4) refers to eventrecorder.o(.text.EventRecordItem) for EventRecordItem
    eventrecorder.o(.text.EventRecord4) refers to eventrecorder.o(.bss.noinit) for [Anonymous Symbol]
    eventrecorder.o(.text.EventRecord4) refers to eventrecorder.o(.bss.TS_OverflowLock) for [Anonymous Symbol]
    eventrecorder.o(.ARM.exidx.text.EventRecord4) refers to eventrecorder.o(.text.EventRecord4) for [Anonymous Symbol]
    eventrecorder.o(.rodata.EventRecorderInfo) refers to eventrecorder.o(.bss.noinit) for [Anonymous Symbol]
    retarget_io.o(.text.fputc) refers to eventrecorder.o(.text.EventRecordData) for EventRecordData
    retarget_io.o(.text.fputc) refers to stdout.o(.data) for __stdout
    retarget_io.o(.text.fputc) refers to retarget_io.o(.bss.stdout_putchar.index) for [Anonymous Symbol]
    retarget_io.o(.text.fputc) refers to retarget_io.o(.bss.stdout_putchar.buffer) for [Anonymous Symbol]
    retarget_io.o(.ARM.exidx.text.fputc) refers to retarget_io.o(.text.fputc) for [Anonymous Symbol]
    retarget_io.o(.ARM.exidx.text.fgetc) refers to retarget_io.o(.text.fgetc) for [Anonymous Symbol]
    retarget_io.o(.ARM.exidx.text.__backspace) refers to retarget_io.o(.text.__backspace) for [Anonymous Symbol]
    retarget_io.o(.text.__aeabi_assert) refers to fwrite.o(i.fwrite) for fwrite
    retarget_io.o(.text.__aeabi_assert) refers to fputs.o(i.fputs) for fputs
    retarget_io.o(.text.__aeabi_assert) refers to uidiv.o(.text) for __aeabi_uidiv
    retarget_io.o(.text.__aeabi_assert) refers to retarget_io.o(.text.abort) for abort
    retarget_io.o(.text.__aeabi_assert) refers to stderr.o(.data) for __stderr
    retarget_io.o(.ARM.exidx.text.__aeabi_assert) refers to retarget_io.o(.text.__aeabi_assert) for [Anonymous Symbol]
    retarget_io.o(.ARM.exidx.text.abort) refers to retarget_io.o(.text.abort) for [Anonymous Symbol]
    entry.o(.ARM.Collect$$$$00000000) refers (Special) to entry10a.o(.ARM.Collect$$$$0000000D) for __rt_final_cpp
    entry.o(.ARM.Collect$$$$00000000) refers (Special) to entry11a.o(.ARM.Collect$$$$0000000F) for __rt_final_exit
    entry.o(.ARM.Collect$$$$00000000) refers (Special) to entry7b.o(.ARM.Collect$$$$00000008) for _main_clock
    entry.o(.ARM.Collect$$$$00000000) refers (Special) to entry8b.o(.ARM.Collect$$$$0000000A) for _main_cpp_init
    entry.o(.ARM.Collect$$$$00000000) refers (Special) to entry9a.o(.ARM.Collect$$$$0000000B) for _main_init
    entry.o(.ARM.Collect$$$$00000000) refers (Special) to entry5.o(.ARM.Collect$$$$00000004) for _main_scatterload
    entry.o(.ARM.Collect$$$$00000000) refers (Special) to entry2.o(.ARM.Collect$$$$00000001) for _main_stk
    fputs.o(i.fputs) refers to retarget_io.o(.text.fputc) for fputc
    fwrite.o(i.fwrite) refers to retarget_io.o(.text.fputc) for fputc
    fputs_e.o(.text) refers to retarget_io.o(.text.fputc) for fputc
    fwrite_e.o(.text) refers to retarget_io.o(.text.fputc) for fputc
    printfb.o(i.__0fprintf$bare) refers to printfb.o(i._printf_core) for _printf_core
    printfb.o(i.__0fprintf$bare) refers to retarget_io.o(.text.fputc) for fputc
    printfb.o(i.__0printf$bare) refers to printfb.o(i._printf_core) for _printf_core
    printfb.o(i.__0printf$bare) refers to retarget_io.o(.text.fputc) for fputc
    printfb.o(i.__0printf$bare) refers to stdout.o(.data) for __stdout
    printfb.o(i.__0snprintf$bare) refers to printfb.o(i._printf_core) for _printf_core
    printfb.o(i.__0snprintf$bare) refers to printfb.o(i._snputc) for _snputc
    printfb.o(i.__0sprintf$bare) refers to printfb.o(i._printf_core) for _printf_core
    printfb.o(i.__0sprintf$bare) refers to printfb.o(i._sputc) for _sputc
    printfb.o(i.__0vfprintf$bare) refers to printfb.o(i._printf_core) for _printf_core
    printfb.o(i.__0vfprintf$bare) refers to retarget_io.o(.text.fputc) for fputc
    printfb.o(i.__0vprintf$bare) refers to printfb.o(i._printf_core) for _printf_core
    printfb.o(i.__0vprintf$bare) refers to retarget_io.o(.text.fputc) for fputc
    printfb.o(i.__0vprintf$bare) refers to stdout.o(.data) for __stdout
    printfb.o(i.__0vsnprintf$bare) refers to printfb.o(i._printf_core) for _printf_core
    printfb.o(i.__0vsnprintf$bare) refers to printfb.o(i._snputc) for _snputc
    printfb.o(i.__0vsprintf$bare) refers to printfb.o(i._printf_core) for _printf_core
    printfb.o(i.__0vsprintf$bare) refers to printfb.o(i._sputc) for _sputc
    printf0.o(i.__0fprintf$0) refers to printf0.o(i._printf_core) for _printf_core
    printf0.o(i.__0fprintf$0) refers to retarget_io.o(.text.fputc) for fputc
    printf0.o(i.__0printf$0) refers to printf0.o(i._printf_core) for _printf_core
    printf0.o(i.__0printf$0) refers to retarget_io.o(.text.fputc) for fputc
    printf0.o(i.__0printf$0) refers to stdout.o(.data) for __stdout
    printf0.o(i.__0snprintf$0) refers to printf0.o(i._printf_core) for _printf_core
    printf0.o(i.__0snprintf$0) refers to printf0.o(i._snputc) for _snputc
    printf0.o(i.__0sprintf$0) refers to printf0.o(i._printf_core) for _printf_core
    printf0.o(i.__0sprintf$0) refers to printf0.o(i._sputc) for _sputc
    printf0.o(i.__0vfprintf$0) refers to printf0.o(i._printf_core) for _printf_core
    printf0.o(i.__0vfprintf$0) refers to retarget_io.o(.text.fputc) for fputc
    printf0.o(i.__0vprintf$0) refers to printf0.o(i._printf_core) for _printf_core
    printf0.o(i.__0vprintf$0) refers to retarget_io.o(.text.fputc) for fputc
    printf0.o(i.__0vprintf$0) refers to stdout.o(.data) for __stdout
    printf0.o(i.__0vsnprintf$0) refers to printf0.o(i._printf_core) for _printf_core
    printf0.o(i.__0vsnprintf$0) refers to printf0.o(i._snputc) for _snputc
    printf0.o(i.__0vsprintf$0) refers to printf0.o(i._printf_core) for _printf_core
    printf0.o(i.__0vsprintf$0) refers to printf0.o(i._sputc) for _sputc
    printf1.o(i.__0fprintf$1) refers to printf1.o(i._printf_core) for _printf_core
    printf1.o(i.__0fprintf$1) refers to retarget_io.o(.text.fputc) for fputc
    printf1.o(i.__0printf$1) refers to printf1.o(i._printf_core) for _printf_core
    printf1.o(i.__0printf$1) refers to retarget_io.o(.text.fputc) for fputc
    printf1.o(i.__0printf$1) refers to stdout.o(.data) for __stdout
    printf1.o(i.__0snprintf$1) refers to printf1.o(i._printf_core) for _printf_core
    printf1.o(i.__0snprintf$1) refers to printf1.o(i._snputc) for _snputc
    printf1.o(i.__0sprintf$1) refers to printf1.o(i._printf_core) for _printf_core
    printf1.o(i.__0sprintf$1) refers to printf1.o(i._sputc) for _sputc
    printf1.o(i.__0vfprintf$1) refers to printf1.o(i._printf_core) for _printf_core
    printf1.o(i.__0vfprintf$1) refers to retarget_io.o(.text.fputc) for fputc
    printf1.o(i.__0vprintf$1) refers to printf1.o(i._printf_core) for _printf_core
    printf1.o(i.__0vprintf$1) refers to retarget_io.o(.text.fputc) for fputc
    printf1.o(i.__0vprintf$1) refers to stdout.o(.data) for __stdout
    printf1.o(i.__0vsnprintf$1) refers to printf1.o(i._printf_core) for _printf_core
    printf1.o(i.__0vsnprintf$1) refers to printf1.o(i._snputc) for _snputc
    printf1.o(i.__0vsprintf$1) refers to printf1.o(i._printf_core) for _printf_core
    printf1.o(i.__0vsprintf$1) refers to printf1.o(i._sputc) for _sputc
    printf1.o(i._printf_core) refers to uidiv.o(.text) for __aeabi_uidivmod
    printf2.o(i.__0fprintf$2) refers to printf2.o(i._printf_core) for _printf_core
    printf2.o(i.__0fprintf$2) refers to retarget_io.o(.text.fputc) for fputc
    printf2.o(i.__0printf$2) refers to printf2.o(i._printf_core) for _printf_core
    printf2.o(i.__0printf$2) refers to retarget_io.o(.text.fputc) for fputc
    printf2.o(i.__0printf$2) refers to stdout.o(.data) for __stdout
    printf2.o(i.__0snprintf$2) refers to printf2.o(i._printf_core) for _printf_core
    printf2.o(i.__0snprintf$2) refers to printf2.o(i._snputc) for _snputc
    printf2.o(i.__0sprintf$2) refers to printf2.o(i._printf_core) for _printf_core
    printf2.o(i.__0sprintf$2) refers to printf2.o(i._sputc) for _sputc
    printf2.o(i.__0vfprintf$2) refers to printf2.o(i._printf_core) for _printf_core
    printf2.o(i.__0vfprintf$2) refers to retarget_io.o(.text.fputc) for fputc
    printf2.o(i.__0vprintf$2) refers to printf2.o(i._printf_core) for _printf_core
    printf2.o(i.__0vprintf$2) refers to retarget_io.o(.text.fputc) for fputc
    printf2.o(i.__0vprintf$2) refers to stdout.o(.data) for __stdout
    printf2.o(i.__0vsnprintf$2) refers to printf2.o(i._printf_core) for _printf_core
    printf2.o(i.__0vsnprintf$2) refers to printf2.o(i._snputc) for _snputc
    printf2.o(i.__0vsprintf$2) refers to printf2.o(i._printf_core) for _printf_core
    printf2.o(i.__0vsprintf$2) refers to printf2.o(i._sputc) for _sputc
    printf3.o(i.__0fprintf$3) refers to printf3.o(i._printf_core) for _printf_core
    printf3.o(i.__0fprintf$3) refers to retarget_io.o(.text.fputc) for fputc
    printf3.o(i.__0printf$3) refers to printf3.o(i._printf_core) for _printf_core
    printf3.o(i.__0printf$3) refers to retarget_io.o(.text.fputc) for fputc
    printf3.o(i.__0printf$3) refers to stdout.o(.data) for __stdout
    printf3.o(i.__0snprintf$3) refers to printf3.o(i._printf_core) for _printf_core
    printf3.o(i.__0snprintf$3) refers to printf3.o(i._snputc) for _snputc
    printf3.o(i.__0sprintf$3) refers to printf3.o(i._printf_core) for _printf_core
    printf3.o(i.__0sprintf$3) refers to printf3.o(i._sputc) for _sputc
    printf3.o(i.__0vfprintf$3) refers to printf3.o(i._printf_core) for _printf_core
    printf3.o(i.__0vfprintf$3) refers to retarget_io.o(.text.fputc) for fputc
    printf3.o(i.__0vprintf$3) refers to printf3.o(i._printf_core) for _printf_core
    printf3.o(i.__0vprintf$3) refers to retarget_io.o(.text.fputc) for fputc
    printf3.o(i.__0vprintf$3) refers to stdout.o(.data) for __stdout
    printf3.o(i.__0vsnprintf$3) refers to printf3.o(i._printf_core) for _printf_core
    printf3.o(i.__0vsnprintf$3) refers to printf3.o(i._snputc) for _snputc
    printf3.o(i.__0vsprintf$3) refers to printf3.o(i._printf_core) for _printf_core
    printf3.o(i.__0vsprintf$3) refers to printf3.o(i._sputc) for _sputc
    printf3.o(i._printf_core) refers to uidiv.o(.text) for __aeabi_uidivmod
    printf4.o(i.__0fprintf$4) refers to printf4.o(i._printf_core) for _printf_core
    printf4.o(i.__0fprintf$4) refers to retarget_io.o(.text.fputc) for fputc
    printf4.o(i.__0printf$4) refers to printf4.o(i._printf_core) for _printf_core
    printf4.o(i.__0printf$4) refers to retarget_io.o(.text.fputc) for fputc
    printf4.o(i.__0printf$4) refers to stdout.o(.data) for __stdout
    printf4.o(i.__0snprintf$4) refers to printf4.o(i._printf_core) for _printf_core
    printf4.o(i.__0snprintf$4) refers to printf4.o(i._snputc) for _snputc
    printf4.o(i.__0sprintf$4) refers to printf4.o(i._printf_core) for _printf_core
    printf4.o(i.__0sprintf$4) refers to printf4.o(i._sputc) for _sputc
    printf4.o(i.__0vfprintf$4) refers to printf4.o(i._printf_core) for _printf_core
    printf4.o(i.__0vfprintf$4) refers to retarget_io.o(.text.fputc) for fputc
    printf4.o(i.__0vprintf$4) refers to printf4.o(i._printf_core) for _printf_core
    printf4.o(i.__0vprintf$4) refers to retarget_io.o(.text.fputc) for fputc
    printf4.o(i.__0vprintf$4) refers to stdout.o(.data) for __stdout
    printf4.o(i.__0vsnprintf$4) refers to printf4.o(i._printf_core) for _printf_core
    printf4.o(i.__0vsnprintf$4) refers to printf4.o(i._snputc) for _snputc
    printf4.o(i.__0vsprintf$4) refers to printf4.o(i._printf_core) for _printf_core
    printf4.o(i.__0vsprintf$4) refers to printf4.o(i._sputc) for _sputc
    printf4.o(i._printf_core) refers to uldiv.o(.text) for __aeabi_uldivmod
    printf5.o(i.__0fprintf$5) refers to printf5.o(i._printf_core) for _printf_core
    printf5.o(i.__0fprintf$5) refers to retarget_io.o(.text.fputc) for fputc
    printf5.o(i.__0printf$5) refers to printf5.o(i._printf_core) for _printf_core
    printf5.o(i.__0printf$5) refers to retarget_io.o(.text.fputc) for fputc
    printf5.o(i.__0printf$5) refers to stdout.o(.data) for __stdout
    printf5.o(i.__0snprintf$5) refers to printf5.o(i._printf_core) for _printf_core
    printf5.o(i.__0snprintf$5) refers to printf5.o(i._snputc) for _snputc
    printf5.o(i.__0sprintf$5) refers to printf5.o(i._printf_core) for _printf_core
    printf5.o(i.__0sprintf$5) refers to printf5.o(i._sputc) for _sputc
    printf5.o(i.__0vfprintf$5) refers to printf5.o(i._printf_core) for _printf_core
    printf5.o(i.__0vfprintf$5) refers to retarget_io.o(.text.fputc) for fputc
    printf5.o(i.__0vprintf$5) refers to printf5.o(i._printf_core) for _printf_core
    printf5.o(i.__0vprintf$5) refers to retarget_io.o(.text.fputc) for fputc
    printf5.o(i.__0vprintf$5) refers to stdout.o(.data) for __stdout
    printf5.o(i.__0vsnprintf$5) refers to printf5.o(i._printf_core) for _printf_core
    printf5.o(i.__0vsnprintf$5) refers to printf5.o(i._snputc) for _snputc
    printf5.o(i.__0vsprintf$5) refers to printf5.o(i._printf_core) for _printf_core
    printf5.o(i.__0vsprintf$5) refers to printf5.o(i._sputc) for _sputc
    printf5.o(i._printf_core) refers to uldiv.o(.text) for __aeabi_uldivmod
    printf6.o(i.__0fprintf$6) refers to printf6.o(i._printf_core) for _printf_core
    printf6.o(i.__0fprintf$6) refers to retarget_io.o(.text.fputc) for fputc
    printf6.o(i.__0printf$6) refers to printf6.o(i._printf_core) for _printf_core
    printf6.o(i.__0printf$6) refers to retarget_io.o(.text.fputc) for fputc
    printf6.o(i.__0printf$6) refers to stdout.o(.data) for __stdout
    printf6.o(i.__0snprintf$6) refers to printf6.o(i._printf_core) for _printf_core
    printf6.o(i.__0snprintf$6) refers to printf6.o(i._snputc) for _snputc
    printf6.o(i.__0sprintf$6) refers to printf6.o(i._printf_core) for _printf_core
    printf6.o(i.__0sprintf$6) refers to printf6.o(i._sputc) for _sputc
    printf6.o(i.__0vfprintf$6) refers to printf6.o(i._printf_core) for _printf_core
    printf6.o(i.__0vfprintf$6) refers to retarget_io.o(.text.fputc) for fputc
    printf6.o(i.__0vprintf$6) refers to printf6.o(i._printf_core) for _printf_core
    printf6.o(i.__0vprintf$6) refers to retarget_io.o(.text.fputc) for fputc
    printf6.o(i.__0vprintf$6) refers to stdout.o(.data) for __stdout
    printf6.o(i.__0vsnprintf$6) refers to printf6.o(i._printf_core) for _printf_core
    printf6.o(i.__0vsnprintf$6) refers to printf6.o(i._snputc) for _snputc
    printf6.o(i.__0vsprintf$6) refers to printf6.o(i._printf_core) for _printf_core
    printf6.o(i.__0vsprintf$6) refers to printf6.o(i._sputc) for _sputc
    printf6.o(i._printf_core) refers to printf6.o(i._printf_pre_padding) for _printf_pre_padding
    printf6.o(i._printf_core) refers to printf6.o(i._printf_post_padding) for _printf_post_padding
    printf6.o(i._printf_core) refers to uidiv.o(.text) for __aeabi_uidivmod
    printf7.o(i.__0fprintf$7) refers to printf7.o(i._printf_core) for _printf_core
    printf7.o(i.__0fprintf$7) refers to retarget_io.o(.text.fputc) for fputc
    printf7.o(i.__0printf$7) refers to printf7.o(i._printf_core) for _printf_core
    printf7.o(i.__0printf$7) refers to retarget_io.o(.text.fputc) for fputc
    printf7.o(i.__0printf$7) refers to stdout.o(.data) for __stdout
    printf7.o(i.__0snprintf$7) refers to printf7.o(i._printf_core) for _printf_core
    printf7.o(i.__0snprintf$7) refers to printf7.o(i._snputc) for _snputc
    printf7.o(i.__0sprintf$7) refers to printf7.o(i._printf_core) for _printf_core
    printf7.o(i.__0sprintf$7) refers to printf7.o(i._sputc) for _sputc
    printf7.o(i.__0vfprintf$7) refers to printf7.o(i._printf_core) for _printf_core
    printf7.o(i.__0vfprintf$7) refers to retarget_io.o(.text.fputc) for fputc
    printf7.o(i.__0vprintf$7) refers to printf7.o(i._printf_core) for _printf_core
    printf7.o(i.__0vprintf$7) refers to retarget_io.o(.text.fputc) for fputc
    printf7.o(i.__0vprintf$7) refers to stdout.o(.data) for __stdout
    printf7.o(i.__0vsnprintf$7) refers to printf7.o(i._printf_core) for _printf_core
    printf7.o(i.__0vsnprintf$7) refers to printf7.o(i._snputc) for _snputc
    printf7.o(i.__0vsprintf$7) refers to printf7.o(i._printf_core) for _printf_core
    printf7.o(i.__0vsprintf$7) refers to printf7.o(i._sputc) for _sputc
    printf7.o(i._printf_core) refers to printf7.o(i._printf_pre_padding) for _printf_pre_padding
    printf7.o(i._printf_core) refers to printf7.o(i._printf_post_padding) for _printf_post_padding
    printf7.o(i._printf_core) refers to uldiv.o(.text) for __aeabi_uldivmod
    printf8.o(i.__0fprintf$8) refers to printf8.o(i._printf_core) for _printf_core
    printf8.o(i.__0fprintf$8) refers to retarget_io.o(.text.fputc) for fputc
    printf8.o(i.__0printf$8) refers to printf8.o(i._printf_core) for _printf_core
    printf8.o(i.__0printf$8) refers to retarget_io.o(.text.fputc) for fputc
    printf8.o(i.__0printf$8) refers to stdout.o(.data) for __stdout
    printf8.o(i.__0snprintf$8) refers to printf8.o(i._printf_core) for _printf_core
    printf8.o(i.__0snprintf$8) refers to printf8.o(i._snputc) for _snputc
    printf8.o(i.__0sprintf$8) refers to printf8.o(i._printf_core) for _printf_core
    printf8.o(i.__0sprintf$8) refers to printf8.o(i._sputc) for _sputc
    printf8.o(i.__0vfprintf$8) refers to printf8.o(i._printf_core) for _printf_core
    printf8.o(i.__0vfprintf$8) refers to retarget_io.o(.text.fputc) for fputc
    printf8.o(i.__0vprintf$8) refers to printf8.o(i._printf_core) for _printf_core
    printf8.o(i.__0vprintf$8) refers to retarget_io.o(.text.fputc) for fputc
    printf8.o(i.__0vprintf$8) refers to stdout.o(.data) for __stdout
    printf8.o(i.__0vsnprintf$8) refers to printf8.o(i._printf_core) for _printf_core
    printf8.o(i.__0vsnprintf$8) refers to printf8.o(i._snputc) for _snputc
    printf8.o(i.__0vsprintf$8) refers to printf8.o(i._printf_core) for _printf_core
    printf8.o(i.__0vsprintf$8) refers to printf8.o(i._sputc) for _sputc
    printf8.o(i._printf_core) refers to printf8.o(i._printf_pre_padding) for _printf_pre_padding
    printf8.o(i._printf_core) refers to printf8.o(i._printf_post_padding) for _printf_post_padding
    printf8.o(i._printf_core) refers to uldiv.o(.text) for __aeabi_uldivmod
    printfa.o(i.__0fprintf) refers (Special) to iusefp.o(.text) for __I$use$fp
    printfa.o(i.__0fprintf) refers to printfa.o(i._printf_core) for _printf_core
    printfa.o(i.__0fprintf) refers to retarget_io.o(.text.fputc) for fputc
    printfa.o(i.__0printf) refers (Special) to iusefp.o(.text) for __I$use$fp
    printfa.o(i.__0printf) refers to printfa.o(i._printf_core) for _printf_core
    printfa.o(i.__0printf) refers to retarget_io.o(.text.fputc) for fputc
    printfa.o(i.__0printf) refers to stdout.o(.data) for __stdout
    printfa.o(i.__0snprintf) refers (Special) to iusefp.o(.text) for __I$use$fp
    printfa.o(i.__0snprintf) refers to printfa.o(i._printf_core) for _printf_core
    printfa.o(i.__0snprintf) refers to printfa.o(i._snputc) for _snputc
    printfa.o(i.__0sprintf) refers (Special) to iusefp.o(.text) for __I$use$fp
    printfa.o(i.__0sprintf) refers to printfa.o(i._printf_core) for _printf_core
    printfa.o(i.__0sprintf) refers to printfa.o(i._sputc) for _sputc
    printfa.o(i.__0vfprintf) refers (Special) to iusefp.o(.text) for __I$use$fp
    printfa.o(i.__0vfprintf) refers to printfa.o(i._printf_core) for _printf_core
    printfa.o(i.__0vfprintf) refers to retarget_io.o(.text.fputc) for fputc
    printfa.o(i.__0vprintf) refers (Special) to iusefp.o(.text) for __I$use$fp
    printfa.o(i.__0vprintf) refers to printfa.o(i._printf_core) for _printf_core
    printfa.o(i.__0vprintf) refers to retarget_io.o(.text.fputc) for fputc
    printfa.o(i.__0vprintf) refers to stdout.o(.data) for __stdout
    printfa.o(i.__0vsnprintf) refers (Special) to iusefp.o(.text) for __I$use$fp
    printfa.o(i.__0vsnprintf) refers to printfa.o(i._printf_core) for _printf_core
    printfa.o(i.__0vsnprintf) refers to printfa.o(i._snputc) for _snputc
    printfa.o(i.__0vsprintf) refers (Special) to iusefp.o(.text) for __I$use$fp
    printfa.o(i.__0vsprintf) refers to printfa.o(i._printf_core) for _printf_core
    printfa.o(i.__0vsprintf) refers to printfa.o(i._sputc) for _sputc
    printfa.o(i._fp_digits) refers (Special) to iusefp.o(.text) for __I$use$fp
    printfa.o(i._fp_digits) refers to dmul.o(.text) for __aeabi_dmul
    printfa.o(i._fp_digits) refers to ddiv.o(.text) for __aeabi_ddiv
    printfa.o(i._fp_digits) refers to cdrcmple.o(.text) for __aeabi_cdrcmple
    printfa.o(i._fp_digits) refers to dadd.o(.text) for __aeabi_dadd
    printfa.o(i._fp_digits) refers to dfixul.o(.text) for __aeabi_d2ulz
    printfa.o(i._fp_digits) refers to uldiv.o(.text) for __aeabi_uldivmod
    printfa.o(i._printf_core) refers (Special) to iusefp.o(.text) for __I$use$fp
    printfa.o(i._printf_core) refers to printfa.o(i._printf_pre_padding) for _printf_pre_padding
    printfa.o(i._printf_core) refers to uldiv.o(.text) for __aeabi_uldivmod
    printfa.o(i._printf_core) refers to printfa.o(i._printf_post_padding) for _printf_post_padding
    printfa.o(i._printf_core) refers to printfa.o(i._fp_digits) for _fp_digits
    printfa.o(i._printf_core) refers to uidiv.o(.text) for __aeabi_uidivmod
    printfa.o(i._printf_post_padding) refers (Special) to iusefp.o(.text) for __I$use$fp
    printfa.o(i._printf_pre_padding) refers (Special) to iusefp.o(.text) for __I$use$fp
    printfa.o(i._snputc) refers (Special) to iusefp.o(.text) for __I$use$fp
    printfa.o(i._sputc) refers (Special) to iusefp.o(.text) for __I$use$fp
    fdiv.o(.text) refers (Special) to iusefp.o(.text) for __I$use$fp
    fdiv.o(.text) refers to fepilogue.o(.text) for _float_round
    ffltui.o(.text) refers (Special) to iusefp.o(.text) for __I$use$fp
    ffltui.o(.text) refers to fepilogue.o(.text) for _float_epilogue
    entry2.o(.ARM.Collect$$$$00000001) refers to entry2.o(.ARM.Collect$$$$00002712) for __lit__00000000
    entry2.o(.ARM.Collect$$$$00002712) refers to startup_stm32g030xx.o(STACK) for __initial_sp
    entry2.o(__vectab_stack_and_reset_area) refers to startup_stm32g030xx.o(STACK) for __initial_sp
    entry2.o(__vectab_stack_and_reset_area) refers to entry.o(.ARM.Collect$$$$00000000) for __main
    entry5.o(.ARM.Collect$$$$00000004) refers to init.o(.text) for __scatterload
    entry9a.o(.ARM.Collect$$$$0000000B) refers to main.o(.text.main) for main
    entry9b.o(.ARM.Collect$$$$0000000C) refers to main.o(.text.main) for main
    uldiv.o(.text) refers to llushr.o(.text) for __aeabi_llsr
    uldiv.o(.text) refers to llshl.o(.text) for __aeabi_llsl
    fepilogue.o(.text) refers (Special) to iusefp.o(.text) for __I$use$fp
    dadd.o(.text) refers (Special) to iusefp.o(.text) for __I$use$fp
    dadd.o(.text) refers to llshl.o(.text) for __aeabi_llsl
    dadd.o(.text) refers to llsshr.o(.text) for __aeabi_lasr
    dadd.o(.text) refers to depilogue.o(.text) for _double_epilogue
    dmul.o(.text) refers (Special) to iusefp.o(.text) for __I$use$fp
    dmul.o(.text) refers to depilogue.o(.text) for _double_epilogue
    ddiv.o(.text) refers (Special) to iusefp.o(.text) for __I$use$fp
    ddiv.o(.text) refers to depilogue.o(.text) for _double_round
    dfixul.o(.text) refers (Special) to iusefp.o(.text) for __I$use$fp
    dfixul.o(.text) refers to llushr.o(.text) for __aeabi_llsr
    dfixul.o(.text) refers to llshl.o(.text) for __aeabi_llsl
    cdrcmple.o(.text) refers (Special) to iusefp.o(.text) for __I$use$fp
    init.o(.text) refers to entry5.o(.ARM.Collect$$$$00000004) for __main_after_scatterload
    depilogue.o(.text) refers (Special) to iusefp.o(.text) for __I$use$fp
    depilogue.o(.text) refers to depilogue.o(i.__ARM_clz) for __ARM_clz
    depilogue.o(.text) refers to llshl.o(.text) for __aeabi_llsl
    depilogue.o(.text) refers to llushr.o(.text) for __aeabi_llsr
    depilogue.o(i.__ARM_clz) refers (Special) to iusefp.o(.text) for __I$use$fp


==============================================================================

Removing Unused input sections from the image.

    Removing startup_stm32g030xx.o(HEAP), (512 bytes).
    Removing main.o(.text), (0 bytes).
    Removing main.o(.ARM.exidx.text.main), (8 bytes).
    Removing main.o(.ARM.exidx.text.SystemClock_Config), (8 bytes).
    Removing main.o(.text.Error_Handler), (8 bytes).
    Removing main.o(.ARM.exidx.text.Error_Handler), (8 bytes).
    Removing main.o(.ARM.use_no_argv), (4 bytes).
    Removing gpio.o(.text), (0 bytes).
    Removing gpio.o(.ARM.exidx.text.MX_GPIO_Init), (8 bytes).
    Removing tim.o(.text), (0 bytes).
    Removing tim.o(.ARM.exidx.text.MX_TIM3_Init), (8 bytes).
    Removing tim.o(.ARM.exidx.text.MX_TIM16_Init), (8 bytes).
    Removing stm32g0xx_it.o(.text), (0 bytes).
    Removing stm32g0xx_it.o(.ARM.exidx.text.NMI_Handler), (8 bytes).
    Removing stm32g0xx_it.o(.ARM.exidx.text.HardFault_Handler), (8 bytes).
    Removing stm32g0xx_it.o(.ARM.exidx.text.SVC_Handler), (8 bytes).
    Removing stm32g0xx_it.o(.ARM.exidx.text.PendSV_Handler), (8 bytes).
    Removing stm32g0xx_it.o(.ARM.exidx.text.TIM3_IRQHandler), (8 bytes).
    Removing stm32g0xx_ll_utils.o(.text), (0 bytes).
    Removing stm32g0xx_ll_utils.o(.ARM.exidx.text.LL_Init1msTick), (8 bytes).
    Removing stm32g0xx_ll_utils.o(.text.LL_mDelay), (40 bytes).
    Removing stm32g0xx_ll_utils.o(.ARM.exidx.text.LL_mDelay), (8 bytes).
    Removing stm32g0xx_ll_utils.o(.ARM.exidx.text.LL_SetSystemCoreClock), (8 bytes).
    Removing stm32g0xx_ll_utils.o(.text.LL_PLL_ConfigSystemClock_HSI), (120 bytes).
    Removing stm32g0xx_ll_utils.o(.ARM.exidx.text.LL_PLL_ConfigSystemClock_HSI), (8 bytes).
    Removing stm32g0xx_ll_utils.o(.text.UTILS_EnablePLLAndSwitchSystem), (296 bytes).
    Removing stm32g0xx_ll_utils.o(.ARM.exidx.text.UTILS_EnablePLLAndSwitchSystem), (8 bytes).
    Removing stm32g0xx_ll_utils.o(.text.LL_PLL_ConfigSystemClock_HSE), (136 bytes).
    Removing stm32g0xx_ll_utils.o(.ARM.exidx.text.LL_PLL_ConfigSystemClock_HSE), (8 bytes).
    Removing stm32g0xx_ll_utils.o(.text.LL_SetFlashLatency), (88 bytes).
    Removing stm32g0xx_ll_utils.o(.ARM.exidx.text.LL_SetFlashLatency), (8 bytes).
    Removing stm32g0xx_ll_exti.o(.text), (0 bytes).
    Removing stm32g0xx_ll_exti.o(.text.LL_EXTI_DeInit), (44 bytes).
    Removing stm32g0xx_ll_exti.o(.ARM.exidx.text.LL_EXTI_DeInit), (8 bytes).
    Removing stm32g0xx_ll_exti.o(.text.LL_EXTI_Init), (176 bytes).
    Removing stm32g0xx_ll_exti.o(.ARM.exidx.text.LL_EXTI_Init), (8 bytes).
    Removing stm32g0xx_ll_exti.o(.text.LL_EXTI_StructInit), (12 bytes).
    Removing stm32g0xx_ll_exti.o(.ARM.exidx.text.LL_EXTI_StructInit), (8 bytes).
    Removing stm32g0xx_ll_gpio.o(.text), (0 bytes).
    Removing stm32g0xx_ll_gpio.o(.text.LL_GPIO_DeInit), (112 bytes).
    Removing stm32g0xx_ll_gpio.o(.ARM.exidx.text.LL_GPIO_DeInit), (8 bytes).
    Removing stm32g0xx_ll_gpio.o(.ARM.exidx.text.LL_GPIO_Init), (8 bytes).
    Removing stm32g0xx_ll_gpio.o(.text.LL_GPIO_StructInit), (24 bytes).
    Removing stm32g0xx_ll_gpio.o(.ARM.exidx.text.LL_GPIO_StructInit), (8 bytes).
    Removing stm32g0xx_ll_pwr.o(.text), (0 bytes).
    Removing stm32g0xx_ll_pwr.o(.text.LL_PWR_DeInit), (28 bytes).
    Removing stm32g0xx_ll_pwr.o(.ARM.exidx.text.LL_PWR_DeInit), (8 bytes).
    Removing stm32g0xx_ll_tim.o(.text), (0 bytes).
    Removing stm32g0xx_ll_tim.o(.text.LL_TIM_DeInit), (180 bytes).
    Removing stm32g0xx_ll_tim.o(.ARM.exidx.text.LL_TIM_DeInit), (8 bytes).
    Removing stm32g0xx_ll_tim.o(.text.LL_TIM_StructInit), (16 bytes).
    Removing stm32g0xx_ll_tim.o(.ARM.exidx.text.LL_TIM_StructInit), (8 bytes).
    Removing stm32g0xx_ll_tim.o(.ARM.exidx.text.LL_TIM_Init), (8 bytes).
    Removing stm32g0xx_ll_tim.o(.text.LL_TIM_OC_StructInit), (20 bytes).
    Removing stm32g0xx_ll_tim.o(.ARM.exidx.text.LL_TIM_OC_StructInit), (8 bytes).
    Removing stm32g0xx_ll_tim.o(.text.LL_TIM_OC_Init), (728 bytes).
    Removing stm32g0xx_ll_tim.o(.ARM.exidx.text.LL_TIM_OC_Init), (8 bytes).
    Removing stm32g0xx_ll_tim.o(.text.LL_TIM_IC_StructInit), (14 bytes).
    Removing stm32g0xx_ll_tim.o(.ARM.exidx.text.LL_TIM_IC_StructInit), (8 bytes).
    Removing stm32g0xx_ll_tim.o(.text.LL_TIM_IC_Init), (212 bytes).
    Removing stm32g0xx_ll_tim.o(.ARM.exidx.text.LL_TIM_IC_Init), (8 bytes).
    Removing stm32g0xx_ll_tim.o(.text.LL_TIM_ENCODER_StructInit), (26 bytes).
    Removing stm32g0xx_ll_tim.o(.ARM.exidx.text.LL_TIM_ENCODER_StructInit), (8 bytes).
    Removing stm32g0xx_ll_tim.o(.text.LL_TIM_ENCODER_Init), (128 bytes).
    Removing stm32g0xx_ll_tim.o(.ARM.exidx.text.LL_TIM_ENCODER_Init), (8 bytes).
    Removing stm32g0xx_ll_tim.o(.text.LL_TIM_HALLSENSOR_StructInit), (12 bytes).
    Removing stm32g0xx_ll_tim.o(.ARM.exidx.text.LL_TIM_HALLSENSOR_StructInit), (8 bytes).
    Removing stm32g0xx_ll_tim.o(.text.LL_TIM_HALLSENSOR_Init), (100 bytes).
    Removing stm32g0xx_ll_tim.o(.ARM.exidx.text.LL_TIM_HALLSENSOR_Init), (8 bytes).
    Removing stm32g0xx_ll_tim.o(.text.LL_TIM_BDTR_StructInit), (22 bytes).
    Removing stm32g0xx_ll_tim.o(.ARM.exidx.text.LL_TIM_BDTR_StructInit), (8 bytes).
    Removing stm32g0xx_ll_tim.o(.text.LL_TIM_BDTR_Init), (148 bytes).
    Removing stm32g0xx_ll_tim.o(.ARM.exidx.text.LL_TIM_BDTR_Init), (8 bytes).
    Removing stm32g0xx_ll_dma.o(.text), (0 bytes).
    Removing stm32g0xx_ll_dma.o(.text.LL_DMA_DeInit), (232 bytes).
    Removing stm32g0xx_ll_dma.o(.ARM.exidx.text.LL_DMA_DeInit), (8 bytes).
    Removing stm32g0xx_ll_dma.o(.text.LL_DMA_Init), (148 bytes).
    Removing stm32g0xx_ll_dma.o(.ARM.exidx.text.LL_DMA_Init), (8 bytes).
    Removing stm32g0xx_ll_dma.o(.text.LL_DMA_StructInit), (10 bytes).
    Removing stm32g0xx_ll_dma.o(.ARM.exidx.text.LL_DMA_StructInit), (8 bytes).
    Removing stm32g0xx_ll_rcc.o(.text), (0 bytes).
    Removing stm32g0xx_ll_rcc.o(.text.LL_RCC_DeInit), (72 bytes).
    Removing stm32g0xx_ll_rcc.o(.ARM.exidx.text.LL_RCC_DeInit), (8 bytes).
    Removing stm32g0xx_ll_rcc.o(.text.LL_RCC_GetSystemClocksFreq), (144 bytes).
    Removing stm32g0xx_ll_rcc.o(.ARM.exidx.text.LL_RCC_GetSystemClocksFreq), (8 bytes).
    Removing stm32g0xx_ll_rcc.o(.text.LL_RCC_GetUSARTClockFreq), (284 bytes).
    Removing stm32g0xx_ll_rcc.o(.ARM.exidx.text.LL_RCC_GetUSARTClockFreq), (8 bytes).
    Removing stm32g0xx_ll_rcc.o(.text.LL_RCC_GetI2CClockFreq), (264 bytes).
    Removing stm32g0xx_ll_rcc.o(.ARM.exidx.text.LL_RCC_GetI2CClockFreq), (8 bytes).
    Removing stm32g0xx_ll_rcc.o(.text.LL_RCC_GetI2SClockFreq), (196 bytes).
    Removing stm32g0xx_ll_rcc.o(.ARM.exidx.text.LL_RCC_GetI2SClockFreq), (8 bytes).
    Removing stm32g0xx_ll_rcc.o(.text.LL_RCC_GetADCClockFreq), (192 bytes).
    Removing stm32g0xx_ll_rcc.o(.ARM.exidx.text.LL_RCC_GetADCClockFreq), (8 bytes).
    Removing stm32g0xx_ll_rcc.o(.text.LL_RCC_GetRTCClockFreq), (64 bytes).
    Removing stm32g0xx_ll_rcc.o(.ARM.exidx.text.LL_RCC_GetRTCClockFreq), (8 bytes).
    Removing system_stm32g0xx.o(.text), (0 bytes).
    Removing system_stm32g0xx.o(.ARM.exidx.text.SystemInit), (8 bytes).
    Removing system_stm32g0xx.o(.text.SystemCoreClockUpdate), (144 bytes).
    Removing system_stm32g0xx.o(.ARM.exidx.text.SystemCoreClockUpdate), (8 bytes).
    Removing system_stm32g0xx.o(.rodata.AHBPrescTable), (64 bytes).
    Removing system_stm32g0xx.o(.rodata.APBPrescTable), (32 bytes).
    Removing eventrecorder.o(.text), (0 bytes).
    Removing eventrecorder.o(.ARM.exidx.text.SysTick_Handler), (8 bytes).
    Removing eventrecorder.o(.ARM.exidx.text.EventRecorderTimerSetup), (8 bytes).
    Removing eventrecorder.o(.ARM.exidx.text.EventRecorderTimerGetFreq), (8 bytes).
    Removing eventrecorder.o(.ARM.exidx.text.EventRecorderTimerGetCount), (8 bytes).
    Removing eventrecorder.o(.ARM.exidx.text.EventRecorderInitialize), (8 bytes).
    Removing eventrecorder.o(.ARM.exidx.text.EventRecorderEnable), (8 bytes).
    Removing eventrecorder.o(.ARM.exidx.text.EventRecordItem), (8 bytes).
    Removing eventrecorder.o(.ARM.exidx.text.EventRecorderStart), (8 bytes).
    Removing eventrecorder.o(.text.EventRecorderDisable), (180 bytes).
    Removing eventrecorder.o(.ARM.exidx.text.EventRecorderDisable), (8 bytes).
    Removing eventrecorder.o(.text.EventRecorderStop), (144 bytes).
    Removing eventrecorder.o(.ARM.exidx.text.EventRecorderStop), (8 bytes).
    Removing eventrecorder.o(.text.EventRecorderClockUpdate), (140 bytes).
    Removing eventrecorder.o(.ARM.exidx.text.EventRecorderClockUpdate), (8 bytes).
    Removing eventrecorder.o(.ARM.exidx.text.EventRecordData), (8 bytes).
    Removing eventrecorder.o(.text.EventRecord2), (196 bytes).
    Removing eventrecorder.o(.ARM.exidx.text.EventRecord2), (8 bytes).
    Removing eventrecorder.o(.text.EventRecord4), (264 bytes).
    Removing eventrecorder.o(.ARM.exidx.text.EventRecord4), (8 bytes).
    Removing retarget_io.o(.text), (0 bytes).
    Removing retarget_io.o(.ARM.exidx.text.fputc), (8 bytes).
    Removing retarget_io.o(.text.fgetc), (6 bytes).
    Removing retarget_io.o(.ARM.exidx.text.fgetc), (8 bytes).
    Removing retarget_io.o(.text.__backspace), (6 bytes).
    Removing retarget_io.o(.ARM.exidx.text.__backspace), (8 bytes).
    Removing retarget_io.o(.text.__aeabi_assert), (168 bytes).
    Removing retarget_io.o(.ARM.exidx.text.__aeabi_assert), (8 bytes).
    Removing retarget_io.o(.text.abort), (2 bytes).
    Removing retarget_io.o(.ARM.exidx.text.abort), (8 bytes).
    Removing dadd.o(.text), (356 bytes).
    Removing dmul.o(.text), (208 bytes).
    Removing ddiv.o(.text), (240 bytes).
    Removing dfixul.o(.text), (64 bytes).
    Removing cdrcmple.o(.text), (40 bytes).
    Removing depilogue.o(.text), (190 bytes).
    Removing depilogue.o(i.__ARM_clz), (46 bytes).

138 unused section(s) (total 7854 bytes) removed from the image.

==============================================================================

Image Symbol Table

    Local Symbols

    Symbol Name                              Value     Ov Type        Size  Object(Section)

    ../clib/microlib/division.c              0x00000000   Number         0  uidiv.o ABSOLUTE
    ../clib/microlib/division.c              0x00000000   Number         0  uldiv.o ABSOLUTE
    ../clib/microlib/init/entry.s            0x00000000   Number         0  entry.o ABSOLUTE
    ../clib/microlib/init/entry.s            0x00000000   Number         0  entry2.o ABSOLUTE
    ../clib/microlib/init/entry.s            0x00000000   Number         0  entry5.o ABSOLUTE
    ../clib/microlib/init/entry.s            0x00000000   Number         0  entry7a.o ABSOLUTE
    ../clib/microlib/init/entry.s            0x00000000   Number         0  entry7b.o ABSOLUTE
    ../clib/microlib/init/entry.s            0x00000000   Number         0  entry8a.o ABSOLUTE
    ../clib/microlib/init/entry.s            0x00000000   Number         0  entry8b.o ABSOLUTE
    ../clib/microlib/init/entry.s            0x00000000   Number         0  entry9a.o ABSOLUTE
    ../clib/microlib/init/entry.s            0x00000000   Number         0  entry9b.o ABSOLUTE
    ../clib/microlib/init/entry.s            0x00000000   Number         0  entry10a.o ABSOLUTE
    ../clib/microlib/init/entry.s            0x00000000   Number         0  entry10b.o ABSOLUTE
    ../clib/microlib/init/entry.s            0x00000000   Number         0  entry11a.o ABSOLUTE
    ../clib/microlib/init/entry.s            0x00000000   Number         0  entry11b.o ABSOLUTE
    ../clib/microlib/longlong.c              0x00000000   Number         0  llshl.o ABSOLUTE
    ../clib/microlib/longlong.c              0x00000000   Number         0  llushr.o ABSOLUTE
    ../clib/microlib/longlong.c              0x00000000   Number         0  llsshr.o ABSOLUTE
    ../clib/microlib/printf/printf.c         0x00000000   Number         0  printfb.o ABSOLUTE
    ../clib/microlib/printf/printf.c         0x00000000   Number         0  printf0.o ABSOLUTE
    ../clib/microlib/printf/printf.c         0x00000000   Number         0  printf1.o ABSOLUTE
    ../clib/microlib/printf/printf.c         0x00000000   Number         0  printf2.o ABSOLUTE
    ../clib/microlib/printf/printf.c         0x00000000   Number         0  printf3.o ABSOLUTE
    ../clib/microlib/printf/printf.c         0x00000000   Number         0  printf4.o ABSOLUTE
    ../clib/microlib/printf/printf.c         0x00000000   Number         0  printf5.o ABSOLUTE
    ../clib/microlib/printf/printf.c         0x00000000   Number         0  printf6.o ABSOLUTE
    ../clib/microlib/printf/printf.c         0x00000000   Number         0  printf7.o ABSOLUTE
    ../clib/microlib/printf/printf.c         0x00000000   Number         0  printf8.o ABSOLUTE
    ../clib/microlib/printf/printf.c         0x00000000   Number         0  printfa.o ABSOLUTE
    ../clib/microlib/printf/stubs.s          0x00000000   Number         0  stubs.o ABSOLUTE
    ../clib/microlib/stdio/fputs.c           0x00000000   Number         0  fputs.o ABSOLUTE
    ../clib/microlib/stdio/fputs.c           0x00000000   Number         0  fputs_e.o ABSOLUTE
    ../clib/microlib/stdio/fwrite.c          0x00000000   Number         0  fwrite.o ABSOLUTE
    ../clib/microlib/stdio/fwrite.c          0x00000000   Number         0  fwrite_e.o ABSOLUTE
    ../clib/microlib/stdio/streams.c         0x00000000   Number         0  stdout.o ABSOLUTE
    ../clib/microlib/stdio/streams.c         0x00000000   Number         0  stderr.o ABSOLUTE
    ../clib/microlib/string/memcpy.c         0x00000000   Number         0  memcpya.o ABSOLUTE
    ../clib/microlib/string/memcpy.c         0x00000000   Number         0  memcpyb.o ABSOLUTE
    ../clib/microlib/string/memset.c         0x00000000   Number         0  memseta.o ABSOLUTE
    ../clib/microlib/stubs.s                 0x00000000   Number         0  iusefp.o ABSOLUTE
    ../fplib/microlib/fpadd.c                0x00000000   Number         0  dadd.o ABSOLUTE
    ../fplib/microlib/fpdiv.c                0x00000000   Number         0  fdiv.o ABSOLUTE
    ../fplib/microlib/fpdiv.c                0x00000000   Number         0  ddiv.o ABSOLUTE
    ../fplib/microlib/fpepilogue.c           0x00000000   Number         0  fepilogue.o ABSOLUTE
    ../fplib/microlib/fpepilogue.c           0x00000000   Number         0  depilogue.o ABSOLUTE
    ../fplib/microlib/fpfix.c                0x00000000   Number         0  dfixul.o ABSOLUTE
    ../fplib/microlib/fpflt.c                0x00000000   Number         0  ffltui.o ABSOLUTE
    ../fplib/microlib/fpmul.c                0x00000000   Number         0  dmul.o ABSOLUTE
    EventRecorder.c                          0x00000000   Number         0  eventrecorder.o ABSOLUTE
    cdrcmple.s                               0x00000000   Number         0  cdrcmple.o ABSOLUTE
    dc.s                                     0x00000000   Number         0  dc.o ABSOLUTE
    gpio.c                                   0x00000000   Number         0  gpio.o ABSOLUTE
    handlers.s                               0x00000000   Number         0  handlers.o ABSOLUTE
    init.s                                   0x00000000   Number         0  init.o ABSOLUTE
    main.c                                   0x00000000   Number         0  main.o ABSOLUTE
    retarget_io.c                            0x00000000   Number         0  retarget_io.o ABSOLUTE
    startup_stm32g030xx.s                    0x00000000   Number         0  startup_stm32g030xx.o ABSOLUTE
    stm32g0xx_it.c                           0x00000000   Number         0  stm32g0xx_it.o ABSOLUTE
    stm32g0xx_ll_dma.c                       0x00000000   Number         0  stm32g0xx_ll_dma.o ABSOLUTE
    stm32g0xx_ll_exti.c                      0x00000000   Number         0  stm32g0xx_ll_exti.o ABSOLUTE
    stm32g0xx_ll_gpio.c                      0x00000000   Number         0  stm32g0xx_ll_gpio.o ABSOLUTE
    stm32g0xx_ll_pwr.c                       0x00000000   Number         0  stm32g0xx_ll_pwr.o ABSOLUTE
    stm32g0xx_ll_rcc.c                       0x00000000   Number         0  stm32g0xx_ll_rcc.o ABSOLUTE
    stm32g0xx_ll_tim.c                       0x00000000   Number         0  stm32g0xx_ll_tim.o ABSOLUTE
    stm32g0xx_ll_utils.c                     0x00000000   Number         0  stm32g0xx_ll_utils.o ABSOLUTE
    system_stm32g0xx.c                       0x00000000   Number         0  system_stm32g0xx.o ABSOLUTE
    tim.c                                    0x00000000   Number         0  tim.o ABSOLUTE
    RESET                                    0x08000000   Section      192  startup_stm32g030xx.o(RESET)
    .ARM.Collect$$$$00000000                 0x080000c0   Section        0  entry.o(.ARM.Collect$$$$00000000)
    .ARM.Collect$$$$00000001                 0x080000c0   Section        4  entry2.o(.ARM.Collect$$$$00000001)
    .ARM.Collect$$$$00000004                 0x080000c4   Section        4  entry5.o(.ARM.Collect$$$$00000004)
    .ARM.Collect$$$$00000008                 0x080000c8   Section        0  entry7b.o(.ARM.Collect$$$$00000008)
    .ARM.Collect$$$$0000000A                 0x080000c8   Section        0  entry8b.o(.ARM.Collect$$$$0000000A)
    .ARM.Collect$$$$0000000B                 0x080000c8   Section        8  entry9a.o(.ARM.Collect$$$$0000000B)
    __lit__00000000                          0x080000d0   Data           4  entry2.o(.ARM.Collect$$$$00002712)
    .ARM.Collect$$$$0000000D                 0x080000d0   Section        0  entry10a.o(.ARM.Collect$$$$0000000D)
    .ARM.Collect$$$$0000000F                 0x080000d0   Section        0  entry11a.o(.ARM.Collect$$$$0000000F)
    .ARM.Collect$$$$00002712                 0x080000d0   Section        4  entry2.o(.ARM.Collect$$$$00002712)
    .text                                    0x080000d4   Section       28  startup_stm32g030xx.o(.text)
    .text                                    0x080000f0   Section        0  uidiv.o(.text)
    .text                                    0x0800011c   Section        0  memcpya.o(.text)
    .text                                    0x08000140   Section        0  memseta.o(.text)
    .text                                    0x08000164   Section        0  fdiv.o(.text)
    .text                                    0x080001e0   Section        0  ffltui.o(.text)
    .text                                    0x080001ee   Section        0  iusefp.o(.text)
    .text                                    0x080001ee   Section        0  fepilogue.o(.text)
    .text                                    0x08000270   Section       36  init.o(.text)
    [Anonymous Symbol]                       0x08000294   Section        0  eventrecorder.o(.text.EventRecordData)
    __arm_cp.11_2                            0x080004a4   Number         4  eventrecorder.o(.text.EventRecordData)
    __arm_cp.11_3                            0x080004a8   Number         4  eventrecorder.o(.text.EventRecordData)
    __arm_cp.11_4                            0x080004ac   Number         4  eventrecorder.o(.text.EventRecordData)
    EventRecordItem                          0x080004b1   Thumb Code   316  eventrecorder.o(.text.EventRecordItem)
    [Anonymous Symbol]                       0x080004b0   Section        0  eventrecorder.o(.text.EventRecordItem)
    __arm_cp.6_0                             0x080005e0   Number         4  eventrecorder.o(.text.EventRecordItem)
    __arm_cp.6_1                             0x080005e4   Number         4  eventrecorder.o(.text.EventRecordItem)
    [Anonymous Symbol]                       0x080005e8   Section        0  eventrecorder.o(.text.EventRecorderEnable)
    __arm_cp.5_0                             0x08000698   Number         4  eventrecorder.o(.text.EventRecorderEnable)
    [Anonymous Symbol]                       0x0800069c   Section        0  eventrecorder.o(.text.EventRecorderInitialize)
    __arm_cp.4_0                             0x080008dc   Number         4  eventrecorder.o(.text.EventRecorderInitialize)
    __arm_cp.4_1                             0x080008e0   Number         4  eventrecorder.o(.text.EventRecorderInitialize)
    __arm_cp.4_2                             0x080008e4   Number         4  eventrecorder.o(.text.EventRecorderInitialize)
    __arm_cp.4_3                             0x080008e8   Number         4  eventrecorder.o(.text.EventRecorderInitialize)
    __arm_cp.4_4                             0x080008ec   Number         4  eventrecorder.o(.text.EventRecorderInitialize)
    __arm_cp.4_5                             0x080008f0   Number         4  eventrecorder.o(.text.EventRecorderInitialize)
    __arm_cp.4_7                             0x080008f4   Number         4  eventrecorder.o(.text.EventRecorderInitialize)
    [Anonymous Symbol]                       0x080008f8   Section        0  eventrecorder.o(.text.EventRecorderStart)
    __arm_cp.7_0                             0x0800097c   Number         4  eventrecorder.o(.text.EventRecorderStart)
    __arm_cp.7_1                             0x08000980   Number         4  eventrecorder.o(.text.EventRecorderStart)
    __arm_cp.7_2                             0x08000984   Number         4  eventrecorder.o(.text.EventRecorderStart)
    [Anonymous Symbol]                       0x08000988   Section        0  eventrecorder.o(.text.EventRecorderTimerGetCount)
    __arm_cp.3_0                             0x080009a8   Number         4  eventrecorder.o(.text.EventRecorderTimerGetCount)
    __arm_cp.3_2                             0x080009ac   Number         4  eventrecorder.o(.text.EventRecorderTimerGetCount)
    [Anonymous Symbol]                       0x080009b0   Section        0  eventrecorder.o(.text.EventRecorderTimerGetFreq)
    [Anonymous Symbol]                       0x080009b8   Section        0  eventrecorder.o(.text.EventRecorderTimerSetup)
    __arm_cp.1_2                             0x080009d0   Number         4  eventrecorder.o(.text.EventRecorderTimerSetup)
    [Anonymous Symbol]                       0x080009d4   Section        0  stm32g0xx_it.o(.text.HardFault_Handler)
    [Anonymous Symbol]                       0x080009d6   Section        0  stm32g0xx_ll_gpio.o(.text.LL_GPIO_Init)
    [Anonymous Symbol]                       0x08000a90   Section        0  stm32g0xx_ll_utils.o(.text.LL_Init1msTick)
    __arm_cp.0_0                             0x08000aac   Number         4  stm32g0xx_ll_utils.o(.text.LL_Init1msTick)
    [Anonymous Symbol]                       0x08000ab0   Section        0  stm32g0xx_ll_utils.o(.text.LL_SetSystemCoreClock)
    __arm_cp.2_0                             0x08000ab8   Number         4  stm32g0xx_ll_utils.o(.text.LL_SetSystemCoreClock)
    [Anonymous Symbol]                       0x08000abc   Section        0  stm32g0xx_ll_tim.o(.text.LL_TIM_Init)
    __arm_cp.2_1                             0x08000b38   Number         4  stm32g0xx_ll_tim.o(.text.LL_TIM_Init)
    __arm_cp.2_2                             0x08000b3c   Number         4  stm32g0xx_ll_tim.o(.text.LL_TIM_Init)
    __arm_cp.2_3                             0x08000b40   Number         4  stm32g0xx_ll_tim.o(.text.LL_TIM_Init)
    __arm_cp.2_4                             0x08000b44   Number         4  stm32g0xx_ll_tim.o(.text.LL_TIM_Init)
    [Anonymous Symbol]                       0x08000b48   Section        0  gpio.o(.text.MX_GPIO_Init)
    [Anonymous Symbol]                       0x08000bc0   Section        0  tim.o(.text.MX_TIM16_Init)
    __arm_cp.1_0                             0x08000c00   Number         4  tim.o(.text.MX_TIM16_Init)
    __arm_cp.1_2                             0x08000c04   Number         4  tim.o(.text.MX_TIM16_Init)
    [Anonymous Symbol]                       0x08000c08   Section        0  tim.o(.text.MX_TIM3_Init)
    __arm_cp.0_0                             0x08000d24   Number         4  tim.o(.text.MX_TIM3_Init)
    __arm_cp.0_1                             0x08000d28   Number         4  tim.o(.text.MX_TIM3_Init)
    __arm_cp.0_2                             0x08000d2c   Number         4  tim.o(.text.MX_TIM3_Init)
    __arm_cp.0_3                             0x08000d30   Number         4  tim.o(.text.MX_TIM3_Init)
    __arm_cp.0_4                             0x08000d34   Number         4  tim.o(.text.MX_TIM3_Init)
    __arm_cp.0_5                             0x08000d38   Number         4  tim.o(.text.MX_TIM3_Init)
    __arm_cp.0_6                             0x08000d3c   Number         4  tim.o(.text.MX_TIM3_Init)
    __arm_cp.0_7                             0x08000d40   Number         4  tim.o(.text.MX_TIM3_Init)
    __arm_cp.0_8                             0x08000d44   Number         4  tim.o(.text.MX_TIM3_Init)
    [Anonymous Symbol]                       0x08000d48   Section        0  stm32g0xx_it.o(.text.NMI_Handler)
    [Anonymous Symbol]                       0x08000d4a   Section        0  stm32g0xx_it.o(.text.PendSV_Handler)
    [Anonymous Symbol]                       0x08000d4c   Section        0  stm32g0xx_it.o(.text.SVC_Handler)
    [Anonymous Symbol]                       0x08000d50   Section        0  eventrecorder.o(.text.SysTick_Handler)
    __arm_cp.0_0                             0x08000d64   Number         4  eventrecorder.o(.text.SysTick_Handler)
    __arm_cp.0_1                             0x08000d68   Number         4  eventrecorder.o(.text.SysTick_Handler)
    [Anonymous Symbol]                       0x08000d6c   Section        0  main.o(.text.SystemClock_Config)
    __arm_cp.1_0                             0x08000df8   Number         4  main.o(.text.SystemClock_Config)
    __arm_cp.1_1                             0x08000dfc   Number         4  main.o(.text.SystemClock_Config)
    __arm_cp.1_2                             0x08000e00   Number         4  main.o(.text.SystemClock_Config)
    __arm_cp.1_3                             0x08000e04   Number         4  main.o(.text.SystemClock_Config)
    __arm_cp.1_4                             0x08000e08   Number         4  main.o(.text.SystemClock_Config)
    [Anonymous Symbol]                       0x08000e0c   Section        0  system_stm32g0xx.o(.text.SystemInit)
    [Anonymous Symbol]                       0x08000e10   Section        0  stm32g0xx_it.o(.text.TIM3_IRQHandler)
    __arm_cp.4_0                             0x08000e60   Number         4  stm32g0xx_it.o(.text.TIM3_IRQHandler)
    __arm_cp.4_1                             0x08000e64   Number         4  stm32g0xx_it.o(.text.TIM3_IRQHandler)
    __arm_cp.4_2                             0x08000e68   Number         4  stm32g0xx_it.o(.text.TIM3_IRQHandler)
    __arm_cp.4_3                             0x08000e6c   Number         4  stm32g0xx_it.o(.text.TIM3_IRQHandler)
    __arm_cp.4_4                             0x08000e70   Number         4  stm32g0xx_it.o(.text.TIM3_IRQHandler)
    __arm_cp.4_5                             0x08000e74   Number         4  stm32g0xx_it.o(.text.TIM3_IRQHandler)
    [Anonymous Symbol]                       0x08000e78   Section        0  retarget_io.o(.text.fputc)
    __arm_cp.0_0                             0x08000eb0   Number         4  retarget_io.o(.text.fputc)
    __arm_cp.0_1                             0x08000eb4   Number         4  retarget_io.o(.text.fputc)
    __arm_cp.0_2                             0x08000eb8   Number         4  retarget_io.o(.text.fputc)
    __arm_cp.0_3                             0x08000ebc   Number         4  retarget_io.o(.text.fputc)
    [Anonymous Symbol]                       0x08000ec0   Section        0  main.o(.text.main)
    __arm_cp.0_0                             0x08000f48   Number         4  main.o(.text.main)
    __arm_cp.0_1                             0x08000f4c   Number         4  main.o(.text.main)
    __arm_cp.0_2                             0x08000f50   Number         4  main.o(.text.main)
    __arm_cp.0_4                             0x08000f64   Number         4  main.o(.text.main)
    i.__0printf$1                            0x08000f68   Section        0  printf1.o(i.__0printf$1)
    i.__scatterload_copy                     0x08000f88   Section       14  handlers.o(i.__scatterload_copy)
    i.__scatterload_null                     0x08000f96   Section        2  handlers.o(i.__scatterload_null)
    i.__scatterload_zeroinit                 0x08000f98   Section       14  handlers.o(i.__scatterload_zeroinit)
    _printf_core                             0x08000fa9   Thumb Code   332  printf1.o(i._printf_core)
    i._printf_core                           0x08000fa8   Section        0  printf1.o(i._printf_core)
    __tagsym$$used.0                         0x080010f8   Number         0  eventrecorder.o(.rodata.EventRecorderInfo)
    .data                                    0x20000000   Section        4  stdout.o(.data)
    stdout_putchar.buffer                    0x20000016   Data           8  retarget_io.o(.bss.stdout_putchar.buffer)
    [Anonymous Symbol]                       0x20000016   Section        0  retarget_io.o(.bss.stdout_putchar.buffer)
    stdout_putchar.index                     0x20000020   Data           4  retarget_io.o(.bss.stdout_putchar.index)
    [Anonymous Symbol]                       0x20000020   Section        0  retarget_io.o(.bss.stdout_putchar.index)
    STACK                                    0x20000028   Section     1024  startup_stm32g030xx.o(STACK)
    SysTickCount                             0x20001500   Data           4  eventrecorder.o(.bss.SysTickCount)
    [Anonymous Symbol]                       0x20001500   Section        0  eventrecorder.o(.bss.SysTickCount)
    SysTickUpdated                           0x20001504   Data           1  eventrecorder.o(.bss.SysTickUpdated)
    [Anonymous Symbol]                       0x20001504   Section        0  eventrecorder.o(.bss.SysTickUpdated)
    TS_OverflowLock                          0x20001505   Data           1  eventrecorder.o(.bss.TS_OverflowLock)
    [Anonymous Symbol]                       0x20001505   Section        0  eventrecorder.o(.bss.TS_OverflowLock)
    EventBuffer                              0x20001540   Data        1024  eventrecorder.o(.bss.noinit)
    [Anonymous Symbol]                       0x20001540   Section        0  eventrecorder.o(.bss.noinit)
    EventFilter                              0x20001940   Data         128  eventrecorder.o(.bss.noinit)
    EventStatus                              0x200019c0   Data          36  eventrecorder.o(.bss.noinit)

    Global Symbols

    Symbol Name                              Value     Ov Type        Size  Object(Section)

    BuildAttributes$$THM_ISAv3M$S$PE$A:L22$X:L11$S22$IEEE1$IW$~IW$USESV6$~STKCKD$USESV7$~SHL$OTIME$ROPI$EBA8$MICROLIB$REQ8$PRES8$EABIv2 0x00000000   Number         0  anon$$obj.o ABSOLUTE
    _printf_a                                0x00000000   Number         0  stubs.o ABSOLUTE
    _printf_c                                0x00000000   Number         0  stubs.o ABSOLUTE
    _printf_charcount                        0x00000000   Number         0  stubs.o ABSOLUTE
    _printf_d                                0x00000000   Number         0  stubs.o ABSOLUTE
    _printf_e                                0x00000000   Number         0  stubs.o ABSOLUTE
    _printf_f                                0x00000000   Number         0  stubs.o ABSOLUTE
    _printf_flags                            0x00000000   Number         0  stubs.o ABSOLUTE
    _printf_fp_dec                           0x00000000   Number         0  stubs.o ABSOLUTE
    _printf_fp_hex                           0x00000000   Number         0  stubs.o ABSOLUTE
    _printf_g                                0x00000000   Number         0  stubs.o ABSOLUTE
    _printf_i                                0x00000000   Number         0  stubs.o ABSOLUTE
    _printf_int_dec                          0x00000000   Number         0  stubs.o ABSOLUTE
    _printf_l                                0x00000000   Number         0  stubs.o ABSOLUTE
    _printf_lc                               0x00000000   Number         0  stubs.o ABSOLUTE
    _printf_ll                               0x00000000   Number         0  stubs.o ABSOLUTE
    _printf_lld                              0x00000000   Number         0  stubs.o ABSOLUTE
    _printf_lli                              0x00000000   Number         0  stubs.o ABSOLUTE
    _printf_llo                              0x00000000   Number         0  stubs.o ABSOLUTE
    _printf_llu                              0x00000000   Number         0  stubs.o ABSOLUTE
    _printf_llx                              0x00000000   Number         0  stubs.o ABSOLUTE
    _printf_longlong_dec                     0x00000000   Number         0  stubs.o ABSOLUTE
    _printf_longlong_hex                     0x00000000   Number         0  stubs.o ABSOLUTE
    _printf_longlong_oct                     0x00000000   Number         0  stubs.o ABSOLUTE
    _printf_ls                               0x00000000   Number         0  stubs.o ABSOLUTE
    _printf_mbtowc                           0x00000000   Number         0  stubs.o ABSOLUTE
    _printf_n                                0x00000000   Number         0  stubs.o ABSOLUTE
    _printf_o                                0x00000000   Number         0  stubs.o ABSOLUTE
    _printf_p                                0x00000000   Number         0  stubs.o ABSOLUTE
    _printf_percent                          0x00000000   Number         0  stubs.o ABSOLUTE
    _printf_pre_padding                      0x00000000   Number         0  stubs.o ABSOLUTE
    _printf_return_value                     0x00000000   Number         0  stubs.o ABSOLUTE
    _printf_s                                0x00000000   Number         0  stubs.o ABSOLUTE
    _printf_sizespec                         0x00000000   Number         0  stubs.o ABSOLUTE
    _printf_str                              0x00000000   Number         0  stubs.o ABSOLUTE
    _printf_truncate_signed                  0x00000000   Number         0  stubs.o ABSOLUTE
    _printf_truncate_unsigned                0x00000000   Number         0  stubs.o ABSOLUTE
    _printf_u                                0x00000000   Number         0  stubs.o ABSOLUTE
    _printf_wc                               0x00000000   Number         0  stubs.o ABSOLUTE
    _printf_wctomb                           0x00000000   Number         0  stubs.o ABSOLUTE
    _printf_widthprec                        0x00000000   Number         0  stubs.o ABSOLUTE
    _printf_x                                0x00000000   Number         0  stubs.o ABSOLUTE
    __cpp_initialize__aeabi_                  - Undefined Weak Reference
    __cxa_finalize                            - Undefined Weak Reference
    __decompress                              - Undefined Weak Reference
    _clock_init                               - Undefined Weak Reference
    _microlib_exit                            - Undefined Weak Reference
    __Vectors_Size                           0x000000c0   Number         0  startup_stm32g030xx.o ABSOLUTE
    __Vectors                                0x08000000   Data           4  startup_stm32g030xx.o(RESET)
    __Vectors_End                            0x080000c0   Data           0  startup_stm32g030xx.o(RESET)
    __main                                   0x080000c1   Thumb Code     0  entry.o(.ARM.Collect$$$$00000000)
    _main_stk                                0x080000c1   Thumb Code     0  entry2.o(.ARM.Collect$$$$00000001)
    _main_scatterload                        0x080000c5   Thumb Code     0  entry5.o(.ARM.Collect$$$$00000004)
    __main_after_scatterload                 0x080000c9   Thumb Code     0  entry5.o(.ARM.Collect$$$$00000004)
    _main_clock                              0x080000c9   Thumb Code     0  entry7b.o(.ARM.Collect$$$$00000008)
    _main_cpp_init                           0x080000c9   Thumb Code     0  entry8b.o(.ARM.Collect$$$$0000000A)
    _main_init                               0x080000c9   Thumb Code     0  entry9a.o(.ARM.Collect$$$$0000000B)
    __rt_final_cpp                           0x080000d1   Thumb Code     0  entry10a.o(.ARM.Collect$$$$0000000D)
    __rt_final_exit                          0x080000d1   Thumb Code     0  entry11a.o(.ARM.Collect$$$$0000000F)
    Reset_Handler                            0x080000d5   Thumb Code     8  startup_stm32g030xx.o(.text)
    ADC1_IRQHandler                          0x080000e7   Thumb Code     0  startup_stm32g030xx.o(.text)
    DMA1_Ch4_5_DMAMUX1_OVR_IRQHandler        0x080000e7   Thumb Code     0  startup_stm32g030xx.o(.text)
    DMA1_Channel1_IRQHandler                 0x080000e7   Thumb Code     0  startup_stm32g030xx.o(.text)
    DMA1_Channel2_3_IRQHandler               0x080000e7   Thumb Code     0  startup_stm32g030xx.o(.text)
    EXTI0_1_IRQHandler                       0x080000e7   Thumb Code     0  startup_stm32g030xx.o(.text)
    EXTI2_3_IRQHandler                       0x080000e7   Thumb Code     0  startup_stm32g030xx.o(.text)
    EXTI4_15_IRQHandler                      0x080000e7   Thumb Code     0  startup_stm32g030xx.o(.text)
    FLASH_IRQHandler                         0x080000e7   Thumb Code     0  startup_stm32g030xx.o(.text)
    I2C1_IRQHandler                          0x080000e7   Thumb Code     0  startup_stm32g030xx.o(.text)
    I2C2_IRQHandler                          0x080000e7   Thumb Code     0  startup_stm32g030xx.o(.text)
    RCC_IRQHandler                           0x080000e7   Thumb Code     0  startup_stm32g030xx.o(.text)
    RTC_TAMP_IRQHandler                      0x080000e7   Thumb Code     0  startup_stm32g030xx.o(.text)
    SPI1_IRQHandler                          0x080000e7   Thumb Code     0  startup_stm32g030xx.o(.text)
    SPI2_IRQHandler                          0x080000e7   Thumb Code     0  startup_stm32g030xx.o(.text)
    TIM14_IRQHandler                         0x080000e7   Thumb Code     0  startup_stm32g030xx.o(.text)
    TIM16_IRQHandler                         0x080000e7   Thumb Code     0  startup_stm32g030xx.o(.text)
    TIM17_IRQHandler                         0x080000e7   Thumb Code     0  startup_stm32g030xx.o(.text)
    TIM1_BRK_UP_TRG_COM_IRQHandler           0x080000e7   Thumb Code     0  startup_stm32g030xx.o(.text)
    TIM1_CC_IRQHandler                       0x080000e7   Thumb Code     0  startup_stm32g030xx.o(.text)
    USART1_IRQHandler                        0x080000e7   Thumb Code     0  startup_stm32g030xx.o(.text)
    USART2_IRQHandler                        0x080000e7   Thumb Code     0  startup_stm32g030xx.o(.text)
    WWDG_IRQHandler                          0x080000e7   Thumb Code     0  startup_stm32g030xx.o(.text)
    __aeabi_uidiv                            0x080000f1   Thumb Code     0  uidiv.o(.text)
    __aeabi_uidivmod                         0x080000f1   Thumb Code    44  uidiv.o(.text)
    __aeabi_memcpy                           0x0800011d   Thumb Code    36  memcpya.o(.text)
    __aeabi_memcpy4                          0x0800011d   Thumb Code     0  memcpya.o(.text)
    __aeabi_memcpy8                          0x0800011d   Thumb Code     0  memcpya.o(.text)
    __aeabi_memset                           0x08000141   Thumb Code    14  memseta.o(.text)
    __aeabi_memset4                          0x08000141   Thumb Code     0  memseta.o(.text)
    __aeabi_memset8                          0x08000141   Thumb Code     0  memseta.o(.text)
    __aeabi_memclr                           0x0800014f   Thumb Code     4  memseta.o(.text)
    __aeabi_memclr4                          0x0800014f   Thumb Code     0  memseta.o(.text)
    __aeabi_memclr8                          0x0800014f   Thumb Code     0  memseta.o(.text)
    _memset$wrapper                          0x08000153   Thumb Code    18  memseta.o(.text)
    __aeabi_fdiv                             0x08000165   Thumb Code   124  fdiv.o(.text)
    __aeabi_ui2f                             0x080001e1   Thumb Code    14  ffltui.o(.text)
    __I$use$fp                               0x080001ef   Thumb Code     0  iusefp.o(.text)
    _float_round                             0x080001ef   Thumb Code    16  fepilogue.o(.text)
    _float_epilogue                          0x080001ff   Thumb Code   114  fepilogue.o(.text)
    __scatterload                            0x08000271   Thumb Code    28  init.o(.text)
    __scatterload_rt2                        0x08000271   Thumb Code     0  init.o(.text)
    EventRecordData                          0x08000295   Thumb Code   548  eventrecorder.o(.text.EventRecordData)
    EventRecorderEnable                      0x080005e9   Thumb Code   180  eventrecorder.o(.text.EventRecorderEnable)
    EventRecorderInitialize                  0x0800069d   Thumb Code   608  eventrecorder.o(.text.EventRecorderInitialize)
    EventRecorderStart                       0x080008f9   Thumb Code   144  eventrecorder.o(.text.EventRecorderStart)
    EventRecorderTimerGetCount               0x08000989   Thumb Code    48  eventrecorder.o(.text.EventRecorderTimerGetCount)
    EventRecorderTimerGetFreq                0x080009b1   Thumb Code    12  eventrecorder.o(.text.EventRecorderTimerGetFreq)
    EventRecorderTimerSetup                  0x080009b9   Thumb Code    36  eventrecorder.o(.text.EventRecorderTimerSetup)
    HardFault_Handler                        0x080009d5   Thumb Code     2  stm32g0xx_it.o(.text.HardFault_Handler)
    LL_GPIO_Init                             0x080009d7   Thumb Code   186  stm32g0xx_ll_gpio.o(.text.LL_GPIO_Init)
    LL_Init1msTick                           0x08000a91   Thumb Code    32  stm32g0xx_ll_utils.o(.text.LL_Init1msTick)
    LL_SetSystemCoreClock                    0x08000ab1   Thumb Code    12  stm32g0xx_ll_utils.o(.text.LL_SetSystemCoreClock)
    LL_TIM_Init                              0x08000abd   Thumb Code   144  stm32g0xx_ll_tim.o(.text.LL_TIM_Init)
    MX_GPIO_Init                             0x08000b49   Thumb Code   128  gpio.o(.text.MX_GPIO_Init)
    MX_TIM16_Init                            0x08000bc1   Thumb Code    76  tim.o(.text.MX_TIM16_Init)
    MX_TIM3_Init                             0x08000c09   Thumb Code   320  tim.o(.text.MX_TIM3_Init)
    NMI_Handler                              0x08000d49   Thumb Code     2  stm32g0xx_it.o(.text.NMI_Handler)
    PendSV_Handler                           0x08000d4b   Thumb Code     2  stm32g0xx_it.o(.text.PendSV_Handler)
    SVC_Handler                              0x08000d4d   Thumb Code     2  stm32g0xx_it.o(.text.SVC_Handler)
    SysTick_Handler                          0x08000d51   Thumb Code    28  eventrecorder.o(.text.SysTick_Handler)
    SystemClock_Config                       0x08000d6d   Thumb Code   160  main.o(.text.SystemClock_Config)
    SystemInit                               0x08000e0d   Thumb Code     2  system_stm32g0xx.o(.text.SystemInit)
    TIM3_IRQHandler                          0x08000e11   Thumb Code   104  stm32g0xx_it.o(.text.TIM3_IRQHandler)
    fputc                                    0x08000e79   Thumb Code    72  retarget_io.o(.text.fputc)
    main                                     0x08000ec1   Thumb Code   168  main.o(.text.main)
    __0printf$1                              0x08000f69   Thumb Code    24  printf1.o(i.__0printf$1)
    __1printf$1                              0x08000f69   Thumb Code     0  printf1.o(i.__0printf$1)
    __2printf                                0x08000f69   Thumb Code     0  printf1.o(i.__0printf$1)
    __scatterload_copy                       0x08000f89   Thumb Code    14  handlers.o(i.__scatterload_copy)
    __scatterload_null                       0x08000f97   Thumb Code     2  handlers.o(i.__scatterload_null)
    __scatterload_zeroinit                   0x08000f99   Thumb Code    14  handlers.o(i.__scatterload_zeroinit)
    EventRecorderInfo                        0x080010f8   Data          24  eventrecorder.o(.rodata.EventRecorderInfo)
    Region$$Table$$Base                      0x08001110   Number         0  anon$$obj.o(Region$$Table)
    Region$$Table$$Limit                     0x08001130   Number         0  anon$$obj.o(Region$$Table)
    __stdout                                 0x20000000   Data           4  stdout.o(.data)
    SystemCoreClock                          0x20000004   Data           4  system_stm32g0xx.o(.data.SystemCoreClock)
    PWM1_D_Count                             0x20000008   Data           2  main.o(.bss.PWM1_D_Count)
    PWM1_Duty                                0x2000000c   Data           4  main.o(.bss.PWM1_Duty)
    PWM1_Freq                                0x20000010   Data           4  main.o(.bss.PWM1_Freq)
    PWM1_T_Count                             0x20000014   Data           2  main.o(.bss.PWM1_T_Count)
    __initial_sp                             0x20000428   Data           0  startup_stm32g030xx.o(STACK)



==============================================================================

Memory Map of the image

  Image Entry point : 0x080000c1

  Load Region LR_IROM1 (Base: 0x08000000, Size: 0x00001138, Max: 0x00008000, ABSOLUTE)

    Execution Region ER_IROM1 (Exec base: 0x08000000, Load base: 0x08000000, Size: 0x00001130, Max: 0x00008000, ABSOLUTE)

    Exec Addr    Load Addr    Size         Type   Attr      Idx    E Section Name        Object

    0x08000000   0x08000000   0x000000c0   Data   RO            3    RESET               startup_stm32g030xx.o
    0x080000c0   0x080000c0   0x00000000   Code   RO          285  * .ARM.Collect$$$$00000000  mc_p.l(entry.o)
    0x080000c0   0x080000c0   0x00000004   Code   RO          571    .ARM.Collect$$$$00000001  mc_p.l(entry2.o)
    0x080000c4   0x080000c4   0x00000004   Code   RO          574    .ARM.Collect$$$$00000004  mc_p.l(entry5.o)
    0x080000c8   0x080000c8   0x00000000   Code   RO          576    .ARM.Collect$$$$00000008  mc_p.l(entry7b.o)
    0x080000c8   0x080000c8   0x00000000   Code   RO          578    .ARM.Collect$$$$0000000A  mc_p.l(entry8b.o)
    0x080000c8   0x080000c8   0x00000008   Code   RO          579    .ARM.Collect$$$$0000000B  mc_p.l(entry9a.o)
    0x080000d0   0x080000d0   0x00000000   Code   RO          581    .ARM.Collect$$$$0000000D  mc_p.l(entry10a.o)
    0x080000d0   0x080000d0   0x00000000   Code   RO          583    .ARM.Collect$$$$0000000F  mc_p.l(entry11a.o)
    0x080000d0   0x080000d0   0x00000004   Code   RO          572    .ARM.Collect$$$$00002712  mc_p.l(entry2.o)
    0x080000d4   0x080000d4   0x0000001c   Code   RO            4    .text               startup_stm32g030xx.o
    0x080000f0   0x080000f0   0x0000002c   Code   RO          298    .text               mc_p.l(uidiv.o)
    0x0800011c   0x0800011c   0x00000024   Code   RO          300    .text               mc_p.l(memcpya.o)
    0x08000140   0x08000140   0x00000024   Code   RO          302    .text               mc_p.l(memseta.o)
    0x08000164   0x08000164   0x0000007c   Code   RO          567    .text               mf_p.l(fdiv.o)
    0x080001e0   0x080001e0   0x0000000e   Code   RO          569    .text               mf_p.l(ffltui.o)
    0x080001ee   0x080001ee   0x00000000   Code   RO          587    .text               mc_p.l(iusefp.o)
    0x080001ee   0x080001ee   0x00000082   Code   RO          588    .text               mf_p.l(fepilogue.o)
    0x08000270   0x08000270   0x00000024   Code   RO          600    .text               mc_p.l(init.o)
    0x08000294   0x08000294   0x0000021c   Code   RO          245    .text.EventRecordData  eventrecorder.o
    0x080004b0   0x080004b0   0x00000138   Code   RO          235    .text.EventRecordItem  eventrecorder.o
    0x080005e8   0x080005e8   0x000000b4   Code   RO          233    .text.EventRecorderEnable  eventrecorder.o
    0x0800069c   0x0800069c   0x0000025c   Code   RO          231    .text.EventRecorderInitialize  eventrecorder.o
    0x080008f8   0x080008f8   0x00000090   Code   RO          237    .text.EventRecorderStart  eventrecorder.o
    0x08000988   0x08000988   0x00000028   Code   RO          229    .text.EventRecorderTimerGetCount  eventrecorder.o
    0x080009b0   0x080009b0   0x00000008   Code   RO          227    .text.EventRecorderTimerGetFreq  eventrecorder.o
    0x080009b8   0x080009b8   0x0000001c   Code   RO          225    .text.EventRecorderTimerSetup  eventrecorder.o
    0x080009d4   0x080009d4   0x00000002   Code   RO           56    .text.HardFault_Handler  stm32g0xx_it.o
    0x080009d6   0x080009d6   0x000000ba   Code   RO          112    .text.LL_GPIO_Init  stm32g0xx_ll_gpio.o
    0x08000a90   0x08000a90   0x00000020   Code   RO           72    .text.LL_Init1msTick  stm32g0xx_ll_utils.o
    0x08000ab0   0x08000ab0   0x0000000c   Code   RO           76    .text.LL_SetSystemCoreClock  stm32g0xx_ll_utils.o
    0x08000abc   0x08000abc   0x0000008c   Code   RO          138    .text.LL_TIM_Init   stm32g0xx_ll_tim.o
    0x08000b48   0x08000b48   0x00000078   Code   RO           31    .text.MX_GPIO_Init  gpio.o
    0x08000bc0   0x08000bc0   0x00000048   Code   RO           43    .text.MX_TIM16_Init  tim.o
    0x08000c08   0x08000c08   0x00000140   Code   RO           41    .text.MX_TIM3_Init  tim.o
    0x08000d48   0x08000d48   0x00000002   Code   RO           54    .text.NMI_Handler   stm32g0xx_it.o
    0x08000d4a   0x08000d4a   0x00000002   Code   RO           60    .text.PendSV_Handler  stm32g0xx_it.o
    0x08000d4c   0x08000d4c   0x00000002   Code   RO           58    .text.SVC_Handler   stm32g0xx_it.o
    0x08000d4e   0x08000d4e   0x00000002   PAD
    0x08000d50   0x08000d50   0x0000001c   Code   RO          223    .text.SysTick_Handler  eventrecorder.o
    0x08000d6c   0x08000d6c   0x000000a0   Code   RO           13    .text.SystemClock_Config  main.o
    0x08000e0c   0x08000e0c   0x00000002   Code   RO          207    .text.SystemInit    system_stm32g0xx.o
    0x08000e0e   0x08000e0e   0x00000002   PAD
    0x08000e10   0x08000e10   0x00000068   Code   RO           62    .text.TIM3_IRQHandler  stm32g0xx_it.o
    0x08000e78   0x08000e78   0x00000048   Code   RO          265    .text.fputc         retarget_io.o
    0x08000ec0   0x08000ec0   0x000000a8   Code   RO           11    .text.main          main.o
    0x08000f68   0x08000f68   0x00000020   Code   RO          351    i.__0printf$1       mc_p.l(printf1.o)
    0x08000f88   0x08000f88   0x0000000e   Code   RO          614    i.__scatterload_copy  mc_p.l(handlers.o)
    0x08000f96   0x08000f96   0x00000002   Code   RO          615    i.__scatterload_null  mc_p.l(handlers.o)
    0x08000f98   0x08000f98   0x0000000e   Code   RO          616    i.__scatterload_zeroinit  mc_p.l(handlers.o)
    0x08000fa6   0x08000fa6   0x00000002   PAD
    0x08000fa8   0x08000fa8   0x00000150   Code   RO          358    i._printf_core      mc_p.l(printf1.o)
    0x080010f8   0x080010f8   0x00000018   Data   RO          252    .rodata.EventRecorderInfo  eventrecorder.o
    0x08001110   0x08001110   0x00000020   Data   RO          613    Region$$Table       anon$$obj.o


    Execution Region RW_IRAM1 (Exec base: 0x20000000, Load base: 0x08001130, Size: 0x00000428, Max: 0x00001500, ABSOLUTE)

    Exec Addr    Load Addr    Size         Type   Attr      Idx    E Section Name        Object

    0x20000000   0x08001130   0x00000004   Data   RW          296    .data               mc_p.l(stdout.o)
    0x20000004   0x08001134   0x00000004   Data   RW          211    .data.SystemCoreClock  system_stm32g0xx.o
    0x20000008        -       0x00000002   Zero   RW           18    .bss.PWM1_D_Count   main.o
    0x2000000a   0x08001138   0x00000002   PAD
    0x2000000c        -       0x00000004   Zero   RW           19    .bss.PWM1_Duty      main.o
    0x20000010        -       0x00000004   Zero   RW           20    .bss.PWM1_Freq      main.o
    0x20000014        -       0x00000002   Zero   RW           17    .bss.PWM1_T_Count   main.o
    0x20000016        -       0x00000008   Zero   RW          276    .bss.stdout_putchar.buffer  retarget_io.o
    0x2000001e   0x08001138   0x00000002   PAD
    0x20000020        -       0x00000004   Zero   RW          275    .bss.stdout_putchar.index  retarget_io.o
    0x20000024   0x08001138   0x00000004   PAD
    0x20000028        -       0x00000400   Zero   RW            1    STACK               startup_stm32g030xx.o


    Execution Region RW_IRAM2 (Exec base: 0x20001500, Load base: 0x08001138, Size: 0x000004e4, Max: 0x00000500, ABSOLUTE, UNINIT)

    Exec Addr    Load Addr    Size         Type   Attr      Idx    E Section Name        Object

    0x20001500        -       0x00000004   Zero   RW          253    .bss.SysTickCount   eventrecorder.o
    0x20001504        -       0x00000001   Zero   RW          254    .bss.SysTickUpdated  eventrecorder.o
    0x20001505        -       0x00000001   Zero   RW          255    .bss.TS_OverflowLock  eventrecorder.o
    0x20001506   0x08001138   0x0000003a   PAD
    0x20001540        -       0x000004a4   Zero   RW          251    .bss.noinit         eventrecorder.o


==============================================================================

Image component sizes


      Code (inc. data)   RO Data    RW Data    ZI Data      Debug   Object Name

      1884         84         24          0       1194      17654   eventrecorder.o
       120          0          0          0          0       2285   gpio.o
       328         52          0          0         12       5462   main.o
        72         16          0          0         12       2292   retarget_io.o
        28          8        192          0       1024        592   startup_stm32g030xx.o
       112         24          0          0          0       1982   stm32g0xx_it.o
       186          0          0          0          0       3793   stm32g0xx_ll_gpio.o
       140         16          0          0          0      12038   stm32g0xx_ll_tim.o
        44          8          0          0          0       7148   stm32g0xx_ll_utils.o
         2          0          0          4          0       1876   system_stm32g0xx.o
       392         44          0          0          0       6423   tim.o

    ----------------------------------------------------------------------
      3312        252        248          4       2308      61545   Object Totals
         0          0         32          0          0          0   (incl. Generated)
         4          0          0          0         66          0   (incl. Padding)

    ----------------------------------------------------------------------

      Code (inc. data)   RO Data    RW Data    ZI Data      Debug   Library Member Name

         0          0          0          0          0          0   entry.o
         0          0          0          0          0          0   entry10a.o
         0          0          0          0          0          0   entry11a.o
         8          4          0          0          0          0   entry2.o
         4          0          0          0          0          0   entry5.o
         0          0          0          0          0          0   entry7b.o
         0          0          0          0          0          0   entry8b.o
         8          4          0          0          0          0   entry9a.o
        30          0          0          0          0          0   handlers.o
        36          8          0          0          0         68   init.o
         0          0          0          0          0          0   iusefp.o
        36          0          0          0          0         60   memcpya.o
        36          0          0          0          0        100   memseta.o
       368         12          0          0          0        168   printf1.o
         0          0          0          4          0          0   stdout.o
        44          0          0          0          0         72   uidiv.o
       124          0          0          0          0         72   fdiv.o
       130          0          0          0          0        144   fepilogue.o
        14          0          0          0          0         68   ffltui.o

    ----------------------------------------------------------------------
       840         28          0          4          0        752   Library Totals
         2          0          0          0          0          0   (incl. Padding)

    ----------------------------------------------------------------------

      Code (inc. data)   RO Data    RW Data    ZI Data      Debug   Library Name

       570         28          0          4          0        468   mc_p.l
       268          0          0          0          0        284   mf_p.l

    ----------------------------------------------------------------------
       840         28          0          4          0        752   Library Totals

    ----------------------------------------------------------------------

==============================================================================


      Code (inc. data)   RO Data    RW Data    ZI Data      Debug   

      4152        280        248          8       2308      62041   Grand Totals
      4152        280        248          8       2308      62041   ELF Image Totals
      4152        280        248          8          0          0   ROM Totals

==============================================================================

    Total RO  Size (Code + RO Data)                 4400 (   4.30kB)
    Total RW  Size (RW Data + ZI Data)              2316 (   2.26kB)
    Total ROM Size (Code + RO Data + RW Data)       4408 (   4.30kB)

==============================================================================

